
 Start Length Name Class
 0001:00401000 0001BC20AH _TEXT                  CODE
 0002:005BE000 0002E44ACH _DATA                  DATA
 0003:008A24AC 0000068BCH _BSS                   BSS
 0004:00000000 00000009CH _TLS                   TLS


Detailed map of segments
 0001:00000648 00000155 C=CODE    S=_TEXT    G=(none)   M=C:\BCC\BCC7\LIB\C0W32.OBJ ACBP=A9
 0001:000007A0 000003CC C=CODE    S=_TEXT    G=(none)   M=C:\ALANIT\DEVELOP\FINDEMES\OBJ\MAIN.OBJ ACBP=A9
 0001:00000B6C 00000112 C=CODE    S=_TEXT    G=(none)   M=C:\ALANIT\DEVELOP\FINDEMES\OBJ\C5IMGLIS.OBJ ACBP=A9
 0001:00000C80 00000260 C=CODE    S=_TEXT    G=(none)   M=C:\ALANIT\DEVELOP\FINDEMES\OBJ\C5VITEM.OBJ ACBP=A9
 0001:00000EE0 000003CD C=CODE    S=_TEXT    G=(none)   M=C:\ALANIT\DEVELOP\FINDEMES\OBJ\C5VMENU.OBJ ACBP=A9
 0001:000012B0 00000172 C=CODE    S=_TEXT    G=(none)   M=C:\ALANIT\DEVELOP\FINDEMES\OBJ\ERRSYSW.OBJ ACBP=A9
 0001:00001424 0000015D C=CODE    S=_TEXT    G=(none)   M=C:\ALANIT\DEVELOP\FINDEMES\OBJ\PACTIVIDA.OBJ ACBP=A9
 0001:00001584 00000355 C=CODE    S=_TEXT    G=(none)   M=C:\ALANIT\DEVELOP\FINDEMES\OBJ\PAPUNTE.OBJ ACBP=A9
 0001:000018DC 000001BD C=CODE    S=_TEXT    G=(none)   M=C:\ALANIT\DEVELOP\FINDEMES\OBJ\PCLIENTE.OBJ ACBP=A9
 0001:00001A9C 0000021D C=CODE    S=_TEXT    G=(none)   M=C:\ALANIT\DEVELOP\FINDEMES\OBJ\PCUENTA.OBJ ACBP=A9
 0001:00001CBC 0000018D C=CODE    S=_TEXT    G=(none)   M=C:\ALANIT\DEVELOP\FINDEMES\OBJ\PEJERCICIO.OBJ ACBP=A9
 0001:00001E4C 000001D5 C=CODE    S=_TEXT    G=(none)   M=C:\ALANIT\DEVELOP\FINDEMES\OBJ\PGASTO.OBJ ACBP=A9
 0001:00002024 000000FA C=CODE    S=_TEXT    G=(none)   M=C:\ALANIT\DEVELOP\FINDEMES\OBJ\PGRAFICO.OBJ ACBP=A9
 0001:00002120 00000175 C=CODE    S=_TEXT    G=(none)   M=C:\ALANIT\DEVELOP\FINDEMES\OBJ\PIBIENES.OBJ ACBP=A9
 0001:00002298 00000175 C=CODE    S=_TEXT    G=(none)   M=C:\ALANIT\DEVELOP\FINDEMES\OBJ\PICATEGOR.OBJ ACBP=A9
 0001:00002410 0000015D C=CODE    S=_TEXT    G=(none)   M=C:\ALANIT\DEVELOP\FINDEMES\OBJ\PIETIQUETA.OBJ ACBP=A9
 0001:00002570 00000175 C=CODE    S=_TEXT    G=(none)   M=C:\ALANIT\DEVELOP\FINDEMES\OBJ\PIMARCA.OBJ ACBP=A9
 0001:000026E8 000001D5 C=CODE    S=_TEXT    G=(none)   M=C:\ALANIT\DEVELOP\FINDEMES\OBJ\PINGRESO.OBJ ACBP=A9
 0001:000028C0 00000175 C=CODE    S=_TEXT    G=(none)   M=C:\ALANIT\DEVELOP\FINDEMES\OBJ\PITIENDAS.OBJ ACBP=A9
 0001:00002A38 00000175 C=CODE    S=_TEXT    G=(none)   M=C:\ALANIT\DEVELOP\FINDEMES\OBJ\PIUBICACI.OBJ ACBP=A9
 0001:00002BB0 000001A5 C=CODE    S=_TEXT    G=(none)   M=C:\ALANIT\DEVELOP\FINDEMES\OBJ\PPERIODI.OBJ ACBP=A9
 0001:00002D58 0000024D C=CODE    S=_TEXT    G=(none)   M=C:\ALANIT\DEVELOP\FINDEMES\OBJ\PPRESUPU.OBJ ACBP=A9
 0001:00002FA8 000001BD C=CODE    S=_TEXT    G=(none)   M=C:\ALANIT\DEVELOP\FINDEMES\OBJ\PPROVEED.OBJ ACBP=A9
 0001:00003168 00000115 C=CODE    S=_TEXT    G=(none)   M=C:\ALANIT\DEVELOP\FINDEMES\OBJ\PTRASPASO.OBJ ACBP=A9
 0001:00003280 000003FD C=CODE    S=_TEXT    G=(none)   M=C:\ALANIT\DEVELOP\FINDEMES\OBJ\RPREVIEW.OBJ ACBP=A9
 0001:00003680 000001BA C=CODE    S=_TEXT    G=(none)   M=C:\ALANIT\DEVELOP\FINDEMES\OBJ\TABS.OBJ ACBP=A9
 0001:0000383C 000001C2 C=CODE    S=_TEXT    G=(none)   M=C:\ALANIT\DEVELOP\FINDEMES\OBJ\TAGEVER2.OBJ ACBP=A9
 0001:00003A00 000000B2 C=CODE    S=_TEXT    G=(none)   M=C:\ALANIT\DEVELOP\FINDEMES\OBJ\TFSDI.OBJ ACBP=A9
 0001:00003AB4 00000082 C=CODE    S=_TEXT    G=(none)   M=C:\ALANIT\DEVELOP\FINDEMES\OBJ\TGETCALC.OBJ ACBP=A9
 0001:00003B38 0000012D C=CODE    S=_TEXT    G=(none)   M=C:\ALANIT\DEVELOP\FINDEMES\OBJ\TINFORME.OBJ ACBP=A9
 0001:00003C68 00000082 C=CODE    S=_TEXT    G=(none)   M=C:\ALANIT\DEVELOP\FINDEMES\OBJ\TIPS.OBJ ACBP=A9
 0001:00003CEC 000006E5 C=CODE    S=_TEXT    G=(none)   M=C:\ALANIT\DEVELOP\FINDEMES\OBJ\TRIBBON.OBJ ACBP=A9
 0001:000043D4 0000012A C=CODE    S=_TEXT    G=(none)   M=C:\ALANIT\DEVELOP\FINDEMES\OBJ\TSAYREF.OBJ ACBP=A9
 0001:00004500 0000006A C=CODE    S=_TEXT    G=(none)   M=C:\ALANIT\DEVELOP\FINDEMES\OBJ\TZOOMIMAGE.OBJ ACBP=A9
 0001:0000456C 0000009A C=CODE    S=_TEXT    G=(none)   M=C:\ALANIT\DEVELOP\FINDEMES\OBJ\UT_BRW.OBJ ACBP=A9
 0001:00004608 0000006A C=CODE    S=_TEXT    G=(none)   M=C:\ALANIT\DEVELOP\FINDEMES\OBJ\UT_CALEND.OBJ ACBP=A9
 0001:00004674 00000292 C=CODE    S=_TEXT    G=(none)   M=C:\ALANIT\DEVELOP\FINDEMES\OBJ\UT_COMMON.OBJ ACBP=A9
 0001:00004908 00000172 C=CODE    S=_TEXT    G=(none)   M=C:\ALANIT\DEVELOP\FINDEMES\OBJ\UT_DBF.OBJ ACBP=A9
 0001:00004A7C 000000B5 C=CODE    S=_TEXT    G=(none)   M=C:\ALANIT\DEVELOP\FINDEMES\OBJ\UT_INDEX.OBJ ACBP=A9
 0001:00004B34 000000B2 C=CODE    S=_TEXT    G=(none)   M=C:\ALANIT\DEVELOP\FINDEMES\OBJ\UT_MSG.OBJ ACBP=A9
 0001:00004BE8 0000012D C=CODE    S=_TEXT    G=(none)   M=C:\ALANIT\DEVELOP\FINDEMES\OBJ\UT_OVERRIDE.OBJ ACBP=A9
 0001:00004D18 0000006A C=CODE    S=_TEXT    G=(none)   M=C:\ALANIT\DEVELOP\FINDEMES\OBJ\UT_XML.OBJ ACBP=A9
 0001:00004D84 000000CA C=CODE    S=_TEXT    G=(none)   M=C:\ALANIT\DEVELOP\FINDEMES\OBJ\ZIPBACKUP.OBJ ACBP=A9
 0001:00004E50 000002C2 C=CODE    S=_TEXT    G=(none)   M=C:\FIVETECH\FWH1801\LIB\FILEXLS.LIB|TFILEXLS ACBP=A9
 0001:00005114 0000003A C=CODE    S=_TEXT    G=(none)   M=C:\FIVETECH\FWH1801\LIB\FILEXLS.LIB|XLSERROR ACBP=A9
 0001:00005150 00000202 C=CODE    S=_TEXT    G=(none)   M=C:\FIVETECH\FWH1801\LIB\FILEXLS.LIB|XLSFUNC ACBP=A9
 0001:00005354 000001EA C=CODE    S=_TEXT    G=(none)   M=C:\FIVETECH\FWH1905\LIB\FIVEH.LIB|ACTIVEX ACBP=A9
 0001:00005540 0000078D C=CODE    S=_TEXT    G=(none)   M=C:\FIVETECH\FWH1905\LIB\FIVEH.LIB|ADOFUNCS ACBP=A9
 0001:00005CD0 00000082 C=CODE    S=_TEXT    G=(none)   M=C:\FIVETECH\FWH1905\LIB\FIVEH.LIB|ALERT ACBP=A9
 0001:00005D54 00000235 C=CODE    S=_TEXT    G=(none)   M=C:\FIVETECH\FWH1905\LIB\FIVEH.LIB|AUTOGET ACBP=A9
 0001:00005F8C 0000030D C=CODE    S=_TEXT    G=(none)   M=C:\FIVETECH\FWH1905\LIB\FIVEH.LIB|BAR ACBP=A9
 0001:0000629C 0000039D C=CODE    S=_TEXT    G=(none)   M=C:\FIVETECH\FWH1905\LIB\FIVEH.LIB|BITMAP ACBP=A9
 0001:0000663C 000001D5 C=CODE    S=_TEXT    G=(none)   M=C:\FIVETECH\FWH1905\LIB\FIVEH.LIB|BRUSH ACBP=A9
 0001:00006814 000003E5 C=CODE    S=_TEXT    G=(none)   M=C:\FIVETECH\FWH1905\LIB\FIVEH.LIB|BTNBMP ACBP=A9
 0001:00006BFC 0000015A C=CODE    S=_TEXT    G=(none)   M=C:\FIVETECH\FWH1905\LIB\FIVEH.LIB|BUTTON ACBP=A9
 0001:00006D58 000000FA C=CODE    S=_TEXT    G=(none)   M=C:\FIVETECH\FWH1905\LIB\FIVEH.LIB|BUTTONB ACBP=A9
 0001:00006E54 0000006A C=CODE    S=_TEXT    G=(none)   M=C:\FIVETECH\FWH1905\LIB\FIVEH.LIB|CALLSTAC ACBP=A9
 0001:00006EC0 0000033D C=CODE    S=_TEXT    G=(none)   M=C:\FIVETECH\FWH1905\LIB\FIVEH.LIB|C5LIB ACBP=A9
 0001:00007200 000001A2 C=CODE    S=_TEXT    G=(none)   M=C:\FIVETECH\FWH1905\LIB\FIVEH.LIB|CHECKBOX ACBP=A9
 0001:000073A4 00000148 C=CODE    S=_TEXT    G=(none)   M=C:\FIVETECH\FWH1905\LIB\FIVEH.LIB|CHECKRES ACBP=A9
 0001:000074EC 000001B3 C=CODE    S=_TEXT    G=(none)   M=C:\FIVETECH\FWH1905\LIB\FIVEH.LIB|CLIPBRD ACBP=A9
 0001:000076A0 0000039D C=CODE    S=_TEXT    G=(none)   M=C:\FIVETECH\FWH1905\LIB\FIVEH.LIB|COMBOBOX ACBP=A9
 0001:00007A40 0000048D C=CODE    S=_TEXT    G=(none)   M=C:\FIVETECH\FWH1905\LIB\FIVEH.LIB|CONTROL ACBP=A9
 0001:00007ED0 00000082 C=CODE    S=_TEXT    G=(none)   M=C:\FIVETECH\FWH1905\LIB\FIVEH.LIB|CURSOR ACBP=A9
 0001:00007F54 00000625 C=CODE    S=_TEXT    G=(none)   M=C:\FIVETECH\FWH1905\LIB\FIVEH.LIB|DATAROW ACBP=A9
 0001:0000857C 00000202 C=CODE    S=_TEXT    G=(none)   M=C:\FIVETECH\FWH1905\LIB\FIVEH.LIB|DBCOMBO ACBP=A9
 0001:00008780 000000E2 C=CODE    S=_TEXT    G=(none)   M=C:\FIVETECH\FWH1905\LIB\FIVEH.LIB|DBFFUNC1 ACBP=A9
 0001:00008864 0000023B C=CODE    S=_TEXT    G=(none)   M=C:\FIVETECH\FWH1905\LIB\FIVEH.LIB|DBFFUNC2 ACBP=A9
 0001:00008AA0 00000052 C=CODE    S=_TEXT    G=(none)   M=C:\FIVETECH\FWH1905\LIB\FIVEH.LIB|DBFFUNC9 ACBP=A9
 0001:00008AF4 000000B2 C=CODE    S=_TEXT    G=(none)   M=C:\FIVETECH\FWH1905\LIB\FIVEH.LIB|DBTOOLS ACBP=A9
 0001:00008BA8 000000CA C=CODE    S=_TEXT    G=(none)   M=C:\FIVETECH\FWH1905\LIB\FIVEH.LIB|DDE ACBP=A9
 0001:00008C74 000002F5 C=CODE    S=_TEXT    G=(none)   M=C:\FIVETECH\FWH1905\LIB\FIVEH.LIB|DIALOG ACBP=A9
 0001:00008F6C 00000082 C=CODE    S=_TEXT    G=(none)   M=C:\FIVETECH\FWH1905\LIB\FIVEH.LIB|DLGFIND ACBP=A9
 0001:00008FF0 00000082 C=CODE    S=_TEXT    G=(none)   M=C:\FIVETECH\FWH1905\LIB\FIVEH.LIB|DLGS32 ACBP=A9
 0001:00009074 00000142 C=CODE    S=_TEXT    G=(none)   M=C:\FIVETECH\FWH1905\LIB\FIVEH.LIB|DOSTOFWH ACBP=A9
 0001:000091B8 0000006A C=CODE    S=_TEXT    G=(none)   M=C:\FIVETECH\FWH1905\LIB\FIVEH.LIB|DRAWBMP ACBP=A9
 0001:00009224 00000172 C=CODE    S=_TEXT    G=(none)   M=C:\FIVETECH\FWH1905\LIB\FIVEH.LIB|EDIT ACBP=A9
 0001:00009398 0000006A C=CODE    S=_TEXT    G=(none)   M=C:\FIVETECH\FWH1905\LIB\FIVEH.LIB|ETC ACBP=A9
 0001:00009404 00000ABD C=CODE    S=_TEXT    G=(none)   M=C:\FIVETECH\FWH1905\LIB\FIVEH.LIB|FGET ACBP=A9
 0001:00009EC4 00000292 C=CODE    S=_TEXT    G=(none)   M=C:\FIVETECH\FWH1905\LIB\FIVEH.LIB|FILENAME ACBP=A9
 0001:0000A158 00000082 C=CODE    S=_TEXT    G=(none)   M=C:\FIVETECH\FWH1905\LIB\FIVEH.LIB|FLINE ACBP=A9
 0001:0000A1DC 00000265 C=CODE    S=_TEXT    G=(none)   M=C:\FIVETECH\FWH1905\LIB\FIVEH.LIB|FOLDER ACBP=A9
 0001:0000A444 00000265 C=CODE    S=_TEXT    G=(none)   M=C:\FIVETECH\FWH1905\LIB\FIVEH.LIB|FONT ACBP=A9
 0001:0000A6AC 000001D2 C=CODE    S=_TEXT    G=(none)   M=C:\FIVETECH\FWH1905\LIB\FIVEH.LIB|FWBARCOD ACBP=A9
 0001:0000A880 000000FA C=CODE    S=_TEXT    G=(none)   M=C:\FIVETECH\FWH1905\LIB\FIVEH.LIB|FWDECODE ACBP=A9
 0001:0000A97C 0000006A C=CODE    S=_TEXT    G=(none)   M=C:\FIVETECH\FWH1905\LIB\FIVEH.LIB|FWERROR ACBP=A9
 0001:0000A9E8 00000462 C=CODE    S=_TEXT    G=(none)   M=C:\FIVETECH\FWH1905\LIB\FIVEH.LIB|GETSYSIN ACBP=A9
 0001:0000AE4C 000000E2 C=CODE    S=_TEXT    G=(none)   M=C:\FIVETECH\FWH1905\LIB\FIVEH.LIB|GETTASKS ACBP=A9
 0001:0000AF30 000000FA C=CODE    S=_TEXT    G=(none)   M=C:\FIVETECH\FWH1905\LIB\FIVEH.LIB|GROUP ACBP=A9
 0001:0000B02C 000000E2 C=CODE    S=_TEXT    G=(none)   M=C:\FIVETECH\FWH1905\LIB\FIVEH.LIB|GTF ACBP=A9
 0001:0000B110 00000435 C=CODE    S=_TEXT    G=(none)   M=C:\FIVETECH\FWH1905\LIB\FIVEH.LIB|HARBOUR ACBP=A9
 0001:0000B548 0000012A C=CODE    S=_TEXT    G=(none)   M=C:\FIVETECH\FWH1905\LIB\FIVEH.LIB|HELP32 ACBP=A9
 0001:0000B674 0000035B C=CODE    S=_TEXT    G=(none)   M=C:\FIVETECH\FWH1905\LIB\FIVEH.LIB|HELPCHM ACBP=A9
 0001:0000B9D0 00000112 C=CODE    S=_TEXT    G=(none)   M=C:\FIVETECH\FWH1905\LIB\FIVEH.LIB|ICON ACBP=A9
 0001:0000BAE4 0000042D C=CODE    S=_TEXT    G=(none)   M=C:\FIVETECH\FWH1905\LIB\FIVEH.LIB|IMAGE ACBP=A9
 0001:0000BF14 00000505 C=CODE    S=_TEXT    G=(none)   M=C:\FIVETECH\FWH1905\LIB\FIVEH.LIB|IMGTXTIO ACBP=A9
 0001:0000C41C 000000CA C=CODE    S=_TEXT    G=(none)   M=C:\FIVETECH\FWH1905\LIB\FIVEH.LIB|INI ACBP=A9
 0001:0000C4E8 0000009A C=CODE    S=_TEXT    G=(none)   M=C:\FIVETECH\FWH1905\LIB\FIVEH.LIB|INTERNET ACBP=A9
 0001:0000C584 0000018A C=CODE    S=_TEXT    G=(none)   M=C:\FIVETECH\FWH1905\LIB\FIVEH.LIB|LINKLIST ACBP=A9
 0001:0000C710 0000027D C=CODE    S=_TEXT    G=(none)   M=C:\FIVETECH\FWH1905\LIB\FIVEH.LIB|LISTBOX ACBP=A9
 0001:0000C990 00000112 C=CODE    S=_TEXT    G=(none)   M=C:\FIVETECH\FWH1905\LIB\FIVEH.LIB|LONGNAM2 ACBP=A9
 0001:0000CAA4 00000115 C=CODE    S=_TEXT    G=(none)   M=C:\FIVETECH\FWH1905\LIB\FIVEH.LIB|MDICHILD ACBP=A9
 0001:0000CBBC 00000112 C=CODE    S=_TEXT    G=(none)   M=C:\FIVETECH\FWH1905\LIB\FIVEH.LIB|MDICLIEN ACBP=A9
 0001:0000CCD0 000000FA C=CODE    S=_TEXT    G=(none)   M=C:\FIVETECH\FWH1905\LIB\FIVEH.LIB|MDIFRAME ACBP=A9
 0001:0000CDCC 0000018D C=CODE    S=_TEXT    G=(none)   M=C:\FIVETECH\FWH1905\LIB\FIVEH.LIB|MEMOEDIT ACBP=A9
 0001:0000CF5C 000004ED C=CODE    S=_TEXT    G=(none)   M=C:\FIVETECH\FWH1905\LIB\FIVEH.LIB|MENU ACBP=A9
 0001:0000D44C 000001ED C=CODE    S=_TEXT    G=(none)   M=C:\FIVETECH\FWH1905\LIB\FIVEH.LIB|MENUITEM ACBP=A9
 0001:0000D63C 0000033D C=CODE    S=_TEXT    G=(none)   M=C:\FIVETECH\FWH1905\LIB\FIVEH.LIB|MGET ACBP=A9
 0001:0000D97C 000002DD C=CODE    S=_TEXT    G=(none)   M=C:\FIVETECH\FWH1905\LIB\FIVEH.LIB|MSGBAR ACBP=A9
 0001:0000DC5C 0000006A C=CODE    S=_TEXT    G=(none)   M=C:\FIVETECH\FWH1905\LIB\FIVEH.LIB|MSGGET ACBP=A9
 0001:0000DCC8 0000009A C=CODE    S=_TEXT    G=(none)   M=C:\FIVETECH\FWH1905\LIB\FIVEH.LIB|MSGRUN ACBP=A9
 0001:0000DD64 00000262 C=CODE    S=_TEXT    G=(none)   M=C:\FIVETECH\FWH1905\LIB\FIVEH.LIB|PGSUPORT ACBP=A9
 0001:0000DFC8 0000003A C=CODE    S=_TEXT    G=(none)   M=C:\FIVETECH\FWH1905\LIB\FIVEH.LIB|ODATA ACBP=A9
 0001:0000E004 000001EA C=CODE    S=_TEXT    G=(none)   M=C:\FIVETECH\FWH1905\LIB\FIVEH.LIB|OLEFUNCS ACBP=A9
 0001:0000E1F0 000002C5 C=CODE    S=_TEXT    G=(none)   M=C:\FIVETECH\FWH1905\LIB\FIVEH.LIB|PDMENU ACBP=A9
 0001:0000E4B8 0000009A C=CODE    S=_TEXT    G=(none)   M=C:\FIVETECH\FWH1905\LIB\FIVEH.LIB|PDREPORT ACBP=A9
 0001:0000E554 0000006A C=CODE    S=_TEXT    G=(none)   M=C:\FIVETECH\FWH1905\LIB\FIVEH.LIB|PEN ACBP=A9
 0001:0000E5C0 000003B5 C=CODE    S=_TEXT    G=(none)   M=C:\FIVETECH\FWH1905\LIB\FIVEH.LIB|PRINTER ACBP=A9
 0001:0000E978 0000052A C=CODE    S=_TEXT    G=(none)   M=C:\FIVETECH\FWH1905\LIB\FIVEH.LIB|PRV2PDF ACBP=A9
 0001:0000EEA4 000001A2 C=CODE    S=_TEXT    G=(none)   M=C:\FIVETECH\FWH1905\LIB\FIVEH.LIB|RADIO ACBP=A9
 0001:0000F048 00000142 C=CODE    S=_TEXT    G=(none)   M=C:\FIVETECH\FWH1905\LIB\FIVEH.LIB|RADMENU ACBP=A9
 0001:0000F18C 0000015D C=CODE    S=_TEXT    G=(none)   M=C:\FIVETECH\FWH1905\LIB\FIVEH.LIB|RCOLUMN ACBP=A9
 0001:0000F2EC 00000082 C=CODE    S=_TEXT    G=(none)   M=C:\FIVETECH\FWH1905\LIB\FIVEH.LIB|REBAR ACBP=A9
 0001:0000F370 0000012A C=CODE    S=_TEXT    G=(none)   M=C:\FIVETECH\FWH1905\LIB\FIVEH.LIB|RECT ACBP=A9
 0001:0000F49C 000000CA C=CODE    S=_TEXT    G=(none)   M=C:\FIVETECH\FWH1905\LIB\FIVEH.LIB|REG32 ACBP=A9
 0001:0000F568 00000325 C=CODE    S=_TEXT    G=(none)   M=C:\FIVETECH\FWH1905\LIB\FIVEH.LIB|REPORT ACBP=A9
 0001:0000F890 0000009A C=CODE    S=_TEXT    G=(none)   M=C:\FIVETECH\FWH1905\LIB\FIVEH.LIB|RFILE ACBP=A9
 0001:0000F92C 000000E2 C=CODE    S=_TEXT    G=(none)   M=C:\FIVETECH\FWH1905\LIB\FIVEH.LIB|RGROUP ACBP=A9
 0001:0000FA10 000000E2 C=CODE    S=_TEXT    G=(none)   M=C:\FIVETECH\FWH1905\LIB\FIVEH.LIB|RLINE ACBP=A9
 0001:0000FAF4 00000142 C=CODE    S=_TEXT    G=(none)   M=C:\FIVETECH\FWH1905\LIB\FIVEH.LIB|SAY ACBP=A9
 0001:0000FC38 00000A5D C=CODE    S=_TEXT    G=(none)   M=C:\FIVETECH\FWH1905\LIB\FIVEH.LIB|SCINTILA ACBP=A9
 0001:00010698 000000FA C=CODE    S=_TEXT    G=(none)   M=C:\FIVETECH\FWH1905\LIB\FIVEH.LIB|SCRLLBAR ACBP=A9
 0001:00010794 0000024D C=CODE    S=_TEXT    G=(none)   M=C:\FIVETECH\FWH1905\LIB\FIVEH.LIB|SCRLPANL ACBP=A9
 0001:000109E4 000000CA C=CODE    S=_TEXT    G=(none)   M=C:\FIVETECH\FWH1905\LIB\FIVEH.LIB|SHELLAPI ACBP=A9
 0001:00010AB0 000001D5 C=CODE    S=_TEXT    G=(none)   M=C:\FIVETECH\FWH1905\LIB\FIVEH.LIB|SPLITTER ACBP=A9
 0001:00010C88 0000015A C=CODE    S=_TEXT    G=(none)   M=C:\FIVETECH\FWH1905\LIB\FIVEH.LIB|STATUSBA ACBP=A9
 0001:00010DE4 00000172 C=CODE    S=_TEXT    G=(none)   M=C:\FIVETECH\FWH1905\LIB\FIVEH.LIB|STRINGS ACBP=A9
 0001:00010F58 000000CA C=CODE    S=_TEXT    G=(none)   M=C:\FIVETECH\FWH1905\LIB\FIVEH.LIB|TACCTBL ACBP=A9
 0001:00011024 0000033D C=CODE    S=_TEXT    G=(none)   M=C:\FIVETECH\FWH1905\LIB\FIVEH.LIB|TCALENDA ACBP=A9
 0001:00011364 0000006A C=CODE    S=_TEXT    G=(none)   M=C:\FIVETECH\FWH1905\LIB\FIVEH.LIB|TCLIPGET ACBP=A9
 0001:000113D0 00000142 C=CODE    S=_TEXT    G=(none)   M=C:\FIVETECH\FWH1905\LIB\FIVEH.LIB|TDTPICKE ACBP=A9
 0001:00011514 00000172 C=CODE    S=_TEXT    G=(none)   M=C:\FIVETECH\FWH1905\LIB\FIVEH.LIB|TFILE ACBP=A9
 0001:00011688 000000CA C=CODE    S=_TEXT    G=(none)   M=C:\FIVETECH\FWH1905\LIB\FIVEH.LIB|TFTP ACBP=A9
 0001:00011754 000000FA C=CODE    S=_TEXT    G=(none)   M=C:\FIVETECH\FWH1905\LIB\FIVEH.LIB|TFTPFILE ACBP=A9
 0001:00011850 0000066D C=CODE    S=_TEXT    G=(none)   M=C:\FIVETECH\FWH1905\LIB\FIVEH.LIB|TGDIPLUS ACBP=A9
 0001:00011EC0 000005C5 C=CODE    S=_TEXT    G=(none)   M=C:\FIVETECH\FWH1905\LIB\FIVEH.LIB|TGET ACBP=A9
 0001:00012488 000004A5 C=CODE    S=_TEXT    G=(none)   M=C:\FIVETECH\FWH1905\LIB\FIVEH.LIB|TGRAPH ACBP=A9
 0001:00012930 000000B2 C=CODE    S=_TEXT    G=(none)   M=C:\FIVETECH\FWH1905\LIB\FIVEH.LIB|TIMAGLST ACBP=A9
 0001:000129E4 000000B2 C=CODE    S=_TEXT    G=(none)   M=C:\FIVETECH\FWH1905\LIB\FIVEH.LIB|TIMER ACBP=A9
 0001:00012A98 000001EA C=CODE    S=_TEXT    G=(none)   M=C:\FIVETECH\FWH1905\LIB\FIVEH.LIB|TLISTVIE ACBP=A9
 0001:00012C84 00000082 C=CODE    S=_TEXT    G=(none)   M=C:\FIVETECH\FWH1905\LIB\FIVEH.LIB|TMAIL ACBP=A9
 0001:00012D08 000001D0 C=CODE    S=_TEXT    G=(none)   M=C:\FIVETECH\FWH1905\LIB\FIVEH.LIB|TMETAFIL ACBP=A9
 0001:00012ED8 00000145 C=CODE    S=_TEXT    G=(none)   M=C:\FIVETECH\FWH1905\LIB\FIVEH.LIB|TMSGITEM ACBP=A9
 0001:00013020 00000142 C=CODE    S=_TEXT    G=(none)   M=C:\FIVETECH\FWH1905\LIB\FIVEH.LIB|TOOLBAR ACBP=A9
 0001:00013164 000000CA C=CODE    S=_TEXT    G=(none)   M=C:\FIVETECH\FWH1905\LIB\FIVEH.LIB|TPANEL ACBP=A9
 0001:00013230 00000112 C=CODE    S=_TEXT    G=(none)   M=C:\FIVETECH\FWH1905\LIB\FIVEH.LIB|TPROGRES ACBP=A9
 0001:00013344 00000235 C=CODE    S=_TEXT    G=(none)   M=C:\FIVETECH\FWH1905\LIB\FIVEH.LIB|TRBGROUP ACBP=A9
 0001:0001357C 00000265 C=CODE    S=_TEXT    G=(none)   M=C:\FIVETECH\FWH1905\LIB\FIVEH.LIB|TRBTN ACBP=A9
 0001:000137E4 000003B5 C=CODE    S=_TEXT    G=(none)   M=C:\FIVETECH\FWH1905\LIB\FIVEH.LIB|TRECSET ACBP=A9
 0001:00013B9C 00000232 C=CODE    S=_TEXT    G=(none)   M=C:\FIVETECH\FWH1905\LIB\FIVEH.LIB|TREEITEM ACBP=A9
 0001:00013DD0 000000B2 C=CODE    S=_TEXT    G=(none)   M=C:\FIVETECH\FWH1905\LIB\FIVEH.LIB|TREES ACBP=A9
 0001:00013E84 000005DD C=CODE    S=_TEXT    G=(none)   M=C:\FIVETECH\FWH1905\LIB\FIVEH.LIB|TRICHEDI ACBP=A9
 0001:00014464 00000865 C=CODE    S=_TEXT    G=(none)   M=C:\FIVETECH\FWH1905\LIB\FIVEH.LIB|TRICHED5 ACBP=A9
 0001:00014CCC 00000082 C=CODE    S=_TEXT    G=(none)   M=C:\FIVETECH\FWH1905\LIB\FIVEH.LIB|TRPANEL ACBP=A9
 0001:00014D50 000000E2 C=CODE    S=_TEXT    G=(none)   M=C:\FIVETECH\FWH1905\LIB\FIVEH.LIB|TSTRUCT ACBP=A9
 0001:00014E34 0000018D C=CODE    S=_TEXT    G=(none)   M=C:\FIVETECH\FWH1905\LIB\FIVEH.LIB|TSWITCH ACBP=A9
 0001:00014FC4 0000015A C=CODE    S=_TEXT    G=(none)   M=C:\FIVETECH\FWH1905\LIB\FIVEH.LIB|TTMPICKE ACBP=A9
 0001:00015120 0000021A C=CODE    S=_TEXT    G=(none)   M=C:\FIVETECH\FWH1905\LIB\FIVEH.LIB|TTREEVIE ACBP=A9
 0001:0001533C 00000112 C=CODE    S=_TEXT    G=(none)   M=C:\FIVETECH\FWH1905\LIB\FIVEH.LIB|TTVITEM ACBP=A9
 0001:00015450 0000018A C=CODE    S=_TEXT    G=(none)   M=C:\FIVETECH\FWH1905\LIB\FIVEH.LIB|TTXTFILE ACBP=A9
 0001:000155DC 000001A8 C=CODE    S=_TEXT    G=(none)   M=C:\FIVETECH\FWH1905\LIB\FIVEH.LIB|VALBLANK ACBP=A9
 0001:00015784 00000C16 C=CODE    S=_TEXT    G=(none)   M=C:\FIVETECH\FWH1905\LIB\FIVEH.LIB|VALTOSTR ACBP=A9
 0001:0001639C 000000F5 C=CODE    S=_TEXT    G=(none)   M=C:\FIVETECH\FWH1905\LIB\FIVEH.LIB|VALTOSTT ACBP=A9
 0001:00016494 00000C9D C=CODE    S=_TEXT    G=(none)   M=C:\FIVETECH\FWH1905\LIB\FIVEH.LIB|WINDOW ACBP=A9
 0001:00017134 00000292 C=CODE    S=_TEXT    G=(none)   M=C:\FIVETECH\FWH1905\LIB\FIVEH.LIB|WININET ACBP=A9
 0001:000173C8 0000003A C=CODE    S=_TEXT    G=(none)   M=C:\FIVETECH\FWH1905\LIB\FIVEH.LIB|WQOUT ACBP=A9
 0001:00017404 00001CD5 C=CODE    S=_TEXT    G=(none)   M=C:\FIVETECH\FWH1905\LIB\FIVEH.LIB|XBROWSE ACBP=A9
 0001:000190DC 000000B5 C=CODE    S=_TEXT    G=(none)   M=C:\FIVETECH\FWH1905\LIB\FIVEH.LIB|XBROWSER ACBP=A9
 0001:00019194 00000849 C=CODE    S=_TEXT    G=(none)   M=C:\FIVETECH\FWH1905\LIB\FIVEH.LIB|XIMAGE ACBP=A9
 0001:000199E0 000000CA C=CODE    S=_TEXT    G=(none)   M=C:\FIVETECH\FWH1905\LIB\FIVEH.LIB|XMLVIEW ACBP=A9
 0001:00019AAC 0000007D C=CODE    S=_TEXT    G=(none)   M=C:\FIVETECH\FWH1905\LIB\FIVEHC.LIB|__WNDPRO ACBP=A9
 0001:00019B2C 00000157 C=CODE    S=_TEXT    G=(none)   M=C:\FIVETECH\FWH1905\LIB\FIVEHC.LIB|BMPREAD ACBP=A9
 0001:00019C84 0000018F C=CODE    S=_TEXT    G=(none)   M=C:\FIVETECH\FWH1905\LIB\FIVEHC.LIB|FFDLGPRC ACBP=A9
 0001:00019E14 00000184 C=CODE    S=_TEXT    G=(none)   M=C:\FIVETECH\FWH1905\LIB\FIVEHC.LIB|FFWNDRUN ACBP=A9
 0001:00019F98 0000025E C=CODE    S=_TEXT    G=(none)   M=C:\FIVETECH\FWH1905\LIB\FIVEHC.LIB|HARBOURC ACBP=A9
 0001:0001A1F8 000000D5 C=CODE    S=_TEXT    G=(none)   M=C:\FIVETECH\FWH1905\LIB\FIVEHC.LIB|REBARS ACBP=A9
 0001:0001A2D0 00000212 C=CODE    S=_TEXT    G=(none)   M=C:\FIVETECH\FWH1905\LIB\FIVEHC.LIB|SYSREFRE ACBP=A9
 0001:0001A4E4 000003B6 C=CODE    S=_TEXT    G=(none)   M=C:\FIVETECH\FWH1905\LIB\FIVEHC.LIB|TOOLBARS ACBP=A9
 0001:0001A89C 00000228 C=CODE    S=_TEXT    G=(none)   M=C:\FIVETECH\FWH1905\LIB\FIVEHC.LIB|WNDRUN ACBP=A9
 0001:0001AAC4 00000098 C=CODE    S=_TEXT    G=(none)   M=C:\FIVETECH\FWH1905\LIB\FIVEHC.LIB|XPROC ACBP=A9
 0001:0001AB5C 00000461 C=CODE    S=_TEXT    G=(none)   M=C:\FIVETECH\FWH1905\LIB\FIVEHC.LIB|DLGBOX ACBP=A9
 0001:0001AFC0 00001734 C=CODE    S=_TEXT    G=(none)   M=C:\FIVETECH\FWH1905\LIB\FIVEHC.LIB|CTLHDLEH ACBP=A9
 0001:0001C6F4 000016F8 C=CODE    S=_TEXT    G=(none)   M=C:\FIVETECH\FWH1905\LIB\FIVEHC.LIB|ACTX ACBP=A9
 0001:0001DDEC 00005E0C C=CODE    S=_TEXT    G=(none)   M=C:\FIVETECH\FWH1905\LIB\FIVEHC.LIB|GDIPFWH ACBP=A9
 0001:00023BF8 000060C2 C=CODE    S=_TEXT    G=(none)   M=C:\FIVETECH\FWH1905\LIB\FIVEHC.LIB|GDIPLUS ACBP=A9
 0001:00029C98 000000D7 C=CODE    S=_TEXT    G=(none)   M=C:\FIVETECH\FWH1905\LIB\FIVEHC.LIB|AAT ACBP=A9
 0001:00029D70 000001B4 C=CODE    S=_TEXT    G=(none)   M=C:\FIVETECH\FWH1905\LIB\FIVEHC.LIB|ACCELERA ACBP=A9
 0001:00029F24 00000071 C=CODE    S=_TEXT    G=(none)   M=C:\FIVETECH\FWH1905\LIB\FIVEHC.LIB|ATOM ACBP=A9
 0001:00029F98 000000AD C=CODE    S=_TEXT    G=(none)   M=C:\FIVETECH\FWH1905\LIB\FIVEHC.LIB|B2BIN ACBP=A9
 0001:0002A048 00000391 C=CODE    S=_TEXT    G=(none)   M=C:\FIVETECH\FWH1905\LIB\FIVEHC.LIB|BARTOOLS ACBP=A9
 0001:0002A3DC 00000544 C=CODE    S=_TEXT    G=(none)   M=C:\FIVETECH\FWH1905\LIB\FIVEHC.LIB|BITMAPS ACBP=A9
 0001:0002A920 00000F40 C=CODE    S=_TEXT    G=(none)   M=C:\FIVETECH\FWH1905\LIB\FIVEHC.LIB|BMPDRAW ACBP=A9
 0001:0002B860 0000012F C=CODE    S=_TEXT    G=(none)   M=C:\FIVETECH\FWH1905\LIB\FIVEHC.LIB|BMPS ACBP=A9
 0001:0002B990 00001AAF C=CODE    S=_TEXT    G=(none)   M=C:\FIVETECH\FWH1905\LIB\FIVEHC.LIB|BRUSHES ACBP=A9
 0001:0002D440 000047BB C=CODE    S=_TEXT    G=(none)   M=C:\FIVETECH\FWH1905\LIB\FIVEHC.LIB|C5CNEW ACBP=A9
 0001:00031BFC 000001CC C=CODE    S=_TEXT    G=(none)   M=C:\FIVETECH\FWH1905\LIB\FIVEHC.LIB|CALDLL32 ACBP=A9
 0001:00031DC8 0000056B C=CODE    S=_TEXT    G=(none)   M=C:\FIVETECH\FWH1905\LIB\FIVEHC.LIB|CALLDLL ACBP=A9
 0001:00032334 000004AC C=CODE    S=_TEXT    G=(none)   M=C:\FIVETECH\FWH1905\LIB\FIVEHC.LIB|CALENDAR ACBP=A9
 0001:000327E0 000000B3 C=CODE    S=_TEXT    G=(none)   M=C:\FIVETECH\FWH1905\LIB\FIVEHC.LIB|CARET ACBP=A9
 0001:00032894 00000068 C=CODE    S=_TEXT    G=(none)   M=C:\FIVETECH\FWH1905\LIB\FIVEHC.LIB|CHANGEPR ACBP=A9
 0001:000328FC 000002B0 C=CODE    S=_TEXT    G=(none)   M=C:\FIVETECH\FWH1905\LIB\FIVEHC.LIB|CLPBRD ACBP=A9
 0001:00032BAC 0000012E C=CODE    S=_TEXT    G=(none)   M=C:\FIVETECH\FWH1905\LIB\FIVEHC.LIB|CLRCHOOS ACBP=A9
 0001:00032CDC 00000104 C=CODE    S=_TEXT    G=(none)   M=C:\FIVETECH\FWH1905\LIB\FIVEHC.LIB|CLT2SCR ACBP=A9
 0001:00032DE0 000002B5 C=CODE    S=_TEXT    G=(none)   M=C:\FIVETECH\FWH1905\LIB\FIVEHC.LIB|CODEGTF ACBP=A9
 0001:00033098 00000914 C=CODE    S=_TEXT    G=(none)   M=C:\FIVETECH\FWH1905\LIB\FIVEHC.LIB|COLOR ACBP=A9
 0001:000339AC 00000373 C=CODE    S=_TEXT    G=(none)   M=C:\FIVETECH\FWH1905\LIB\FIVEHC.LIB|COLORTON ACBP=A9
 0001:00033D20 0000002C C=CODE    S=_TEXT    G=(none)   M=C:\FIVETECH\FWH1905\LIB\FIVEHC.LIB|CREATEPA ACBP=A9
 0001:00033D4C 0000002C C=CODE    S=_TEXT    G=(none)   M=C:\FIVETECH\FWH1905\LIB\FIVEHC.LIB|CREATEPE ACBP=A9
 0001:00033D78 00000096 C=CODE    S=_TEXT    G=(none)   M=C:\FIVETECH\FWH1905\LIB\FIVEHC.LIB|CREATESO ACBP=A9
 0001:00033E10 000000D6 C=CODE    S=_TEXT    G=(none)   M=C:\FIVETECH\FWH1905\LIB\FIVEHC.LIB|CREATWND ACBP=A9
 0001:00033EE8 000002FE C=CODE    S=_TEXT    G=(none)   M=C:\FIVETECH\FWH1905\LIB\FIVEHC.LIB|CTL3D ACBP=A9
 0001:000341E8 000001E4 C=CODE    S=_TEXT    G=(none)   M=C:\FIVETECH\FWH1905\LIB\FIVEHC.LIB|CTRL2CHR ACBP=A9
 0001:000343CC 00000775 C=CODE    S=_TEXT    G=(none)   M=C:\FIVETECH\FWH1905\LIB\FIVEHC.LIB|CTRLDRAW ACBP=A9
 0001:00034B44 00000ACC C=CODE    S=_TEXT    G=(none)   M=C:\FIVETECH\FWH1905\LIB\FIVEHC.LIB|CURSORS ACBP=A9
 0001:00035610 00000113 C=CODE    S=_TEXT    G=(none)   M=C:\FIVETECH\FWH1905\LIB\FIVEHC.LIB|DATEPICK ACBP=A9
 0001:00035724 0000014F C=CODE    S=_TEXT    G=(none)   M=C:\FIVETECH\FWH1905\LIB\FIVEHC.LIB|DATETIME ACBP=A9
 0001:00035874 0000072E C=CODE    S=_TEXT    G=(none)   M=C:\FIVETECH\FWH1905\LIB\FIVEHC.LIB|DC ACBP=A9
 0001:00035FA4 0000007A C=CODE    S=_TEXT    G=(none)   M=C:\FIVETECH\FWH1905\LIB\FIVEHC.LIB|DDEXC ACBP=A9
 0001:00036020 00000070 C=CODE    S=_TEXT    G=(none)   M=C:\FIVETECH\FWH1905\LIB\FIVEHC.LIB|DELOBJEC ACBP=A9
 0001:00036090 000000A1 C=CODE    S=_TEXT    G=(none)   M=C:\FIVETECH\FWH1905\LIB\FIVEHC.LIB|DESKTOP ACBP=A9
 0001:00036134 0000021D C=CODE    S=_TEXT    G=(none)   M=C:\FIVETECH\FWH1905\LIB\FIVEHC.LIB|DEVICE ACBP=A9
 0001:00036354 00000558 C=CODE    S=_TEXT    G=(none)   M=C:\FIVETECH\FWH1905\LIB\FIVEHC.LIB|DIB ACBP=A9
 0001:000368AC 000003C9 C=CODE    S=_TEXT    G=(none)   M=C:\FIVETECH\FWH1905\LIB\FIVEHC.LIB|DIBBMP ACBP=A9
 0001:00036C78 000001E0 C=CODE    S=_TEXT    G=(none)   M=C:\FIVETECH\FWH1905\LIB\FIVEHC.LIB|DLG2CHR ACBP=A9
 0001:00036E58 00000034 C=CODE    S=_TEXT    G=(none)   M=C:\FIVETECH\FWH1905\LIB\FIVEHC.LIB|DLL ACBP=A9
 0001:00036E8C 000002E3 C=CODE    S=_TEXT    G=(none)   M=C:\FIVETECH\FWH1905\LIB\FIVEHC.LIB|DLOGBOX ACBP=A9
 0001:00037170 000002B5 C=CODE    S=_TEXT    G=(none)   M=C:\FIVETECH\FWH1905\LIB\FIVEHC.LIB|DOTS ACBP=A9
 0001:00037428 00000661 C=CODE    S=_TEXT    G=(none)   M=C:\FIVETECH\FWH1905\LIB\FIVEHC.LIB|DRAWING ACBP=A9
 0001:00037A8C 00000106 C=CODE    S=_TEXT    G=(none)   M=C:\FIVETECH\FWH1905\LIB\FIVEHC.LIB|DRAWITEM ACBP=A9
 0001:00037B94 000000D8 C=CODE    S=_TEXT    G=(none)   M=C:\FIVETECH\FWH1905\LIB\FIVEHC.LIB|DRIVES ACBP=A9
 0001:00037C6C 000000E8 C=CODE    S=_TEXT    G=(none)   M=C:\FIVETECH\FWH1905\LIB\FIVEHC.LIB|DROPFILE ACBP=A9
 0001:00037D54 0000025C C=CODE    S=_TEXT    G=(none)   M=C:\FIVETECH\FWH1905\LIB\FIVEHC.LIB|FGETCLIP ACBP=A9
 0001:00037FB0 00001395 C=CODE    S=_TEXT    G=(none)   M=C:\FIVETECH\FWH1905\LIB\FIVEHC.LIB|FGETLINE ACBP=A9
 0001:00039348 000000A9 C=CODE    S=_TEXT    G=(none)   M=C:\FIVETECH\FWH1905\LIB\FIVEHC.LIB|FINDTEXT ACBP=A9
 0001:000393F4 00000BD2 C=CODE    S=_TEXT    G=(none)   M=C:\FIVETECH\FWH1905\LIB\FIVEHC.LIB|FONTS ACBP=A9
 0001:00039FC8 000002DF C=CODE    S=_TEXT    G=(none)   M=C:\FIVETECH\FWH1905\LIB\FIVEHC.LIB|FTEXT ACBP=A9
 0001:0003A2A8 00000556 C=CODE    S=_TEXT    G=(none)   M=C:\FIVETECH\FWH1905\LIB\FIVEHC.LIB|FWARRAY ACBP=A9
 0001:0003A800 00001B69 C=CODE    S=_TEXT    G=(none)   M=C:\FIVETECH\FWH1905\LIB\FIVEHC.LIB|FWBMP ACBP=A9
 0001:0003C36C 000002DA C=CODE    S=_TEXT    G=(none)   M=C:\FIVETECH\FWH1905\LIB\FIVEHC.LIB|FWPALCTL ACBP=A9
 0001:0003C648 000001E1 C=CODE    S=_TEXT    G=(none)   M=C:\FIVETECH\FWH1905\LIB\FIVEHC.LIB|FWSTR ACBP=A9
 0001:0003C82C 00000298 C=CODE    S=_TEXT    G=(none)   M=C:\FIVETECH\FWH1905\LIB\FIVEHC.LIB|GETDIR ACBP=A9
 0001:0003CAC4 0000006C C=CODE    S=_TEXT    G=(none)   M=C:\FIVETECH\FWH1905\LIB\FIVEHC.LIB|GETDLGIT ACBP=A9
 0001:0003CB30 00000844 C=CODE    S=_TEXT    G=(none)   M=C:\FIVETECH\FWH1905\LIB\FIVEHC.LIB|GETFILE ACBP=A9
 0001:0003D374 000000DF C=CODE    S=_TEXT    G=(none)   M=C:\FIVETECH\FWH1905\LIB\FIVEHC.LIB|GETPROCA ACBP=A9
 0001:0003D454 0000005E C=CODE    S=_TEXT    G=(none)   M=C:\FIVETECH\FWH1905\LIB\FIVEHC.LIB|GETSTKOB ACBP=A9
 0001:0003D4B4 0000027B C=CODE    S=_TEXT    G=(none)   M=C:\FIVETECH\FWH1905\LIB\FIVEHC.LIB|GETTEXT ACBP=A9
 0001:0003D730 0000018B C=CODE    S=_TEXT    G=(none)   M=C:\FIVETECH\FWH1905\LIB\FIVEHC.LIB|GETTEXTW ACBP=A9
 0001:0003D8BC 000000C4 C=CODE    S=_TEXT    G=(none)   M=C:\FIVETECH\FWH1905\LIB\FIVEHC.LIB|GETWND ACBP=A9
 0001:0003D980 000004AA C=CODE    S=_TEXT    G=(none)   M=C:\FIVETECH\FWH1905\LIB\FIVEHC.LIB|HANDLIST ACBP=A9
 0001:0003DE2C 0000026E C=CODE    S=_TEXT    G=(none)   M=C:\FIVETECH\FWH1905\LIB\FIVEHC.LIB|HELP ACBP=A9
 0001:0003E09C 000000EA C=CODE    S=_TEXT    G=(none)   M=C:\FIVETECH\FWH1905\LIB\FIVEHC.LIB|HEX2DEC ACBP=A9
 0001:0003E188 000000D4 C=CODE    S=_TEXT    G=(none)   M=C:\FIVETECH\FWH1905\LIB\FIVEHC.LIB|HILOWORD ACBP=A9
 0001:0003E25C 00000CA2 C=CODE    S=_TEXT    G=(none)   M=C:\FIVETECH\FWH1905\LIB\FIVEHC.LIB|ICONS ACBP=A9
 0001:0003EF00 000001FF C=CODE    S=_TEXT    G=(none)   M=C:\FIVETECH\FWH1905\LIB\FIVEHC.LIB|IMAGELIS ACBP=A9
 0001:0003F100 00000119 C=CODE    S=_TEXT    G=(none)   M=C:\FIVETECH\FWH1905\LIB\FIVEHC.LIB|INSTANCE ACBP=A9
 0001:0003F21C 000001F9 C=CODE    S=_TEXT    G=(none)   M=C:\FIVETECH\FWH1905\LIB\FIVEHC.LIB|KEYBRD ACBP=A9
 0001:0003F418 00000123 C=CODE    S=_TEXT    G=(none)   M=C:\FIVETECH\FWH1905\LIB\FIVEHC.LIB|LBX ACBP=A9
 0001:0003F53C 00000526 C=CODE    S=_TEXT    G=(none)   M=C:\FIVETECH\FWH1905\LIB\FIVEHC.LIB|LISTVIEW ACBP=A9
 0001:0003FA64 000000B1 C=CODE    S=_TEXT    G=(none)   M=C:\FIVETECH\FWH1905\LIB\FIVEHC.LIB|LOADBMP ACBP=A9
 0001:0003FB18 00000034 C=CODE    S=_TEXT    G=(none)   M=C:\FIVETECH\FWH1905\LIB\FIVEHC.LIB|MAKELONG ACBP=A9
 0001:0003FB4C 00000F19 C=CODE    S=_TEXT    G=(none)   M=C:\FIVETECH\FWH1905\LIB\FIVEHC.LIB|MAPI ACBP=A9
 0001:00040A68 00000240 C=CODE    S=_TEXT    G=(none)   M=C:\FIVETECH\FWH1905\LIB\FIVEHC.LIB|MDI ACBP=A9
 0001:00040CA8 000001BE C=CODE    S=_TEXT    G=(none)   M=C:\FIVETECH\FWH1905\LIB\FIVEHC.LIB|MEM ACBP=A9
 0001:00040E68 00002DAF C=CODE    S=_TEXT    G=(none)   M=C:\FIVETECH\FWH1905\LIB\FIVEHC.LIB|MENUDRAW ACBP=A9
 0001:00043C18 00000855 C=CODE    S=_TEXT    G=(none)   M=C:\FIVETECH\FWH1905\LIB\FIVEHC.LIB|MENUS ACBP=A9
 0001:00044470 000002B8 C=CODE    S=_TEXT    G=(none)   M=C:\FIVETECH\FWH1905\LIB\FIVEHC.LIB|METAFI32 ACBP=A9
 0001:00044728 0000032E C=CODE    S=_TEXT    G=(none)   M=C:\FIVETECH\FWH1905\LIB\FIVEHC.LIB|METAFILE ACBP=A9
 0001:00044A58 00000181 C=CODE    S=_TEXT    G=(none)   M=C:\FIVETECH\FWH1905\LIB\FIVEHC.LIB|MGETCREA ACBP=A9
 0001:00044BDC 00000293 C=CODE    S=_TEXT    G=(none)   M=C:\FIVETECH\FWH1905\LIB\FIVEHC.LIB|MKDIR ACBP=A9
 0001:00044E70 00000069 C=CODE    S=_TEXT    G=(none)   M=C:\FIVETECH\FWH1905\LIB\FIVEHC.LIB|MOVETO ACBP=A9
 0001:00044EDC 0000001F C=CODE    S=_TEXT    G=(none)   M=C:\FIVETECH\FWH1905\LIB\FIVEHC.LIB|MSGBEEP ACBP=A9
 0001:00044EFC 000005D7 C=CODE    S=_TEXT    G=(none)   M=C:\FIVETECH\FWH1905\LIB\FIVEHC.LIB|MSGS ACBP=A9
 0001:000454D4 000003B6 C=CODE    S=_TEXT    G=(none)   M=C:\FIVETECH\FWH1905\LIB\FIVEHC.LIB|MSGSAPI ACBP=A9
 0001:0004588C 0000040C C=CODE    S=_TEXT    G=(none)   M=C:\FIVETECH\FWH1905\LIB\FIVEHC.LIB|MSGTOOLS ACBP=A9
 0001:00045C98 00000A02 C=CODE    S=_TEXT    G=(none)   M=C:\FIVETECH\FWH1905\LIB\FIVEHC.LIB|NONCLIENT ACBP=A9
 0001:0004669C 0000006D C=CODE    S=_TEXT    G=(none)   M=C:\FIVETECH\FWH1905\LIB\FIVEHC.LIB|NOTIFY ACBP=A9
 0001:0004670C 000001D5 C=CODE    S=_TEXT    G=(none)   M=C:\FIVETECH\FWH1905\LIB\FIVEHC.LIB|OEMANSI ACBP=A9
 0001:000468E4 00000079 C=CODE    S=_TEXT    G=(none)   M=C:\FIVETECH\FWH1905\LIB\FIVEHC.LIB|ONOFFBMP ACBP=A9
 0001:00046960 000001EF C=CODE    S=_TEXT    G=(none)   M=C:\FIVETECH\FWH1905\LIB\FIVEHC.LIB|OR ACBP=A9
 0001:00046B50 00000058 C=CODE    S=_TEXT    G=(none)   M=C:\FIVETECH\FWH1905\LIB\FIVEHC.LIB|PAINT ACBP=A9
 0001:00046BA8 0000005C C=CODE    S=_TEXT    G=(none)   M=C:\FIVETECH\FWH1905\LIB\FIVEHC.LIB|PEEKMSG ACBP=A9
 0001:00046C04 00000C84 C=CODE    S=_TEXT    G=(none)   M=C:\FIVETECH\FWH1905\LIB\FIVEHC.LIB|PRINTDC ACBP=A9
 0001:00047888 00000215 C=CODE    S=_TEXT    G=(none)   M=C:\FIVETECH\FWH1905\LIB\FIVEHC.LIB|PROFILE ACBP=A9
 0001:00047AA0 0000074F C=CODE    S=_TEXT    G=(none)   M=C:\FIVETECH\FWH1905\LIB\FIVEHC.LIB|RECTS ACBP=A9
 0001:000481F0 0000010D C=CODE    S=_TEXT    G=(none)   M=C:\FIVETECH\FWH1905\LIB\FIVEHC.LIB|REGCLASS ACBP=A9
 0001:00048300 00000391 C=CODE    S=_TEXT    G=(none)   M=C:\FIVETECH\FWH1905\LIB\FIVEHC.LIB|REGEDIT ACBP=A9
 0001:00048694 0000039C C=CODE    S=_TEXT    G=(none)   M=C:\FIVETECH\FWH1905\LIB\FIVEHC.LIB|REGIONS ACBP=A9
 0001:00048A30 000002B5 C=CODE    S=_TEXT    G=(none)   M=C:\FIVETECH\FWH1905\LIB\FIVEHC.LIB|RESOURCE ACBP=A9
 0001:00048CE8 00001A15 C=CODE    S=_TEXT    G=(none)   M=C:\FIVETECH\FWH1905\LIB\FIVEHC.LIB|RIBBON ACBP=A9
 0001:0004A700 0000212C C=CODE    S=_TEXT    G=(none)   M=C:\FIVETECH\FWH1905\LIB\FIVEHC.LIB|RICHEDIT ACBP=A9
 0001:0004C82C 0000365E C=CODE    S=_TEXT    G=(none)   M=C:\FIVETECH\FWH1905\LIB\FIVEHC.LIB|RICHEDI5 ACBP=A9
 0001:0004FE8C 000003CA C=CODE    S=_TEXT    G=(none)   M=C:\FIVETECH\FWH1905\LIB\FIVEHC.LIB|SAVEICON ACBP=A9
 0001:00050258 00000A59 C=CODE    S=_TEXT    G=(none)   M=C:\FIVETECH\FWH1905\LIB\FIVEHC.LIB|SCINTILC ACBP=A9
 0001:00050CB4 000001EC C=CODE    S=_TEXT    G=(none)   M=C:\FIVETECH\FWH1905\LIB\FIVEHC.LIB|SCROLL ACBP=A9
 0001:00050EA0 00000023 C=CODE    S=_TEXT    G=(none)   M=C:\FIVETECH\FWH1905\LIB\FIVEHC.LIB|SELOBJEC ACBP=A9
 0001:00050EC4 0000001A C=CODE    S=_TEXT    G=(none)   M=C:\FIVETECH\FWH1905\LIB\FIVEHC.LIB|SETHANDL ACBP=A9
 0001:00050EE0 00000057 C=CODE    S=_TEXT    G=(none)   M=C:\FIVETECH\FWH1905\LIB\FIVEHC.LIB|SETMAPMO ACBP=A9
 0001:00050F38 0000005B C=CODE    S=_TEXT    G=(none)   M=C:\FIVETECH\FWH1905\LIB\FIVEHC.LIB|SETTEXT ACBP=A9
 0001:00050F94 000002CC C=CODE    S=_TEXT    G=(none)   M=C:\FIVETECH\FWH1905\LIB\FIVEHC.LIB|STRTOKEN ACBP=A9
 0001:00051260 000002B1 C=CODE    S=_TEXT    G=(none)   M=C:\FIVETECH\FWH1905\LIB\FIVEHC.LIB|TABCTRL ACBP=A9
 0001:00051514 000002DB C=CODE    S=_TEXT    G=(none)   M=C:\FIVETECH\FWH1905\LIB\FIVEHC.LIB|TABCTRLW ACBP=A9
 0001:000517F0 00000AF9 C=CODE    S=_TEXT    G=(none)   M=C:\FIVETECH\FWH1905\LIB\FIVEHC.LIB|TEXT ACBP=A9
 0001:000522EC 00001062 C=CODE    S=_TEXT    G=(none)   M=C:\FIVETECH\FWH1905\LIB\FIVEHC.LIB|THEMES ACBP=A9
 0001:00053350 000000CB C=CODE    S=_TEXT    G=(none)   M=C:\FIVETECH\FWH1905\LIB\FIVEHC.LIB|TIMEPICK ACBP=A9
 0001:0005341C 00000069 C=CODE    S=_TEXT    G=(none)   M=C:\FIVETECH\FWH1905\LIB\FIVEHC.LIB|TIMERS ACBP=A9
 0001:00053488 00000346 C=CODE    S=_TEXT    G=(none)   M=C:\FIVETECH\FWH1905\LIB\FIVEHC.LIB|TOOLTIPW ACBP=A9
 0001:000537D0 00000240 C=CODE    S=_TEXT    G=(none)   M=C:\FIVETECH\FWH1905\LIB\FIVEHC.LIB|TOOLTIPA ACBP=A9
 0001:00053A10 000002DE C=CODE    S=_TEXT    G=(none)   M=C:\FIVETECH\FWH1905\LIB\FIVEHC.LIB|TOUCH ACBP=A9
 0001:00053CF0 00000551 C=CODE    S=_TEXT    G=(none)   M=C:\FIVETECH\FWH1905\LIB\FIVEHC.LIB|TREEVIEW ACBP=A9
 0001:00054244 00001261 C=CODE    S=_TEXT    G=(none)   M=C:\FIVETECH\FWH1905\LIB\FIVEHC.LIB|UNICODE ACBP=A9
 0001:000554A8 00000035 C=CODE    S=_TEXT    G=(none)   M=C:\FIVETECH\FWH1905\LIB\FIVEHC.LIB|WIN2000 ACBP=A9
 0001:000554E0 000001B6 C=CODE    S=_TEXT    G=(none)   M=C:\FIVETECH\FWH1905\LIB\FIVEHC.LIB|WINDOWS ACBP=A9
 0001:00055698 0000021C C=CODE    S=_TEXT    G=(none)   M=C:\FIVETECH\FWH1905\LIB\FIVEHC.LIB|WINEXEC ACBP=A9
 0001:000558B4 000000A9 C=CODE    S=_TEXT    G=(none)   M=C:\FIVETECH\FWH1905\LIB\FIVEHC.LIB|WMOUSE ACBP=A9
 0001:00055960 00000760 C=CODE    S=_TEXT    G=(none)   M=C:\FIVETECH\FWH1905\LIB\FIVEHC.LIB|WNDBOXES ACBP=A9
 0001:000560C0 00000250 C=CODE    S=_TEXT    G=(none)   M=C:\FIVETECH\FWH1905\LIB\FIVEHC.LIB|WNDCENTE ACBP=A9
 0001:00056310 00000033 C=CODE    S=_TEXT    G=(none)   M=C:\FIVETECH\FWH1905\LIB\FIVEHC.LIB|WNDDESTR ACBP=A9
 0001:00056344 000005CF C=CODE    S=_TEXT    G=(none)   M=C:\FIVETECH\FWH1905\LIB\FIVEHC.LIB|WNDIS ACBP=A9
 0001:00056914 0000007B C=CODE    S=_TEXT    G=(none)   M=C:\FIVETECH\FWH1905\LIB\FIVEHC.LIB|WNDISOVE ACBP=A9
 0001:00056990 00000272 C=CODE    S=_TEXT    G=(none)   M=C:\FIVETECH\FWH1905\LIB\FIVEHC.LIB|WNDLINES ACBP=A9
 0001:00056C04 00000B95 C=CODE    S=_TEXT    G=(none)   M=C:\FIVETECH\FWH1905\LIB\FIVEHC.LIB|WNDMOVE ACBP=A9
 0001:0005779C 000000D1 C=CODE    S=_TEXT    G=(none)   M=C:\FIVETECH\FWH1905\LIB\FIVEHC.LIB|WNDPOS ACBP=A9
 0001:00057870 000001BA C=CODE    S=_TEXT    G=(none)   M=C:\FIVETECH\FWH1905\LIB\FIVEHC.LIB|WNDPRINT ACBP=A9
 0001:00057A2C 0000039C C=CODE    S=_TEXT    G=(none)   M=C:\FIVETECH\FWH1905\LIB\FIVEHC.LIB|WNDSAY ACBP=A9
 0001:00057DC8 00000270 C=CODE    S=_TEXT    G=(none)   M=C:\FIVETECH\FWH1905\LIB\FIVEHC.LIB|WNDSCROL ACBP=A9
 0001:00058038 0000003B C=CODE    S=_TEXT    G=(none)   M=C:\FIVETECH\FWH1905\LIB\FIVEHC.LIB|WNDUPDAT ACBP=A9
 0001:00058074 0000029A C=CODE    S=_TEXT    G=(none)   M=C:\FIVETECH\FWH1905\LIB\FIVEHC.LIB|XBROWSEC ACBP=A9
 0001:00058310 00000184 C=CODE    S=_TEXT    G=(none)   M=C:\FIVETECH\HB32_BCC7_1905\LIB\HBRTL.LIB|abs ACBP=A9
 0001:00058494 00000323 C=CODE    S=_TEXT    G=(none)   M=C:\FIVETECH\HB32_BCC7_1905\LIB\HBRTL.LIB|arc4 ACBP=A9
 0001:000587B8 00000228 C=CODE    S=_TEXT    G=(none)   M=C:\FIVETECH\HB32_BCC7_1905\LIB\HBRTL.LIB|at ACBP=A9
 0001:000589E0 0000010A C=CODE    S=_TEXT    G=(none)   M=C:\FIVETECH\HB32_BCC7_1905\LIB\HBRTL.LIB|binnum ACBP=A9
 0001:00058AEC 0000471E C=CODE    S=_TEXT    G=(none)   M=C:\FIVETECH\HB32_BCC7_1905\LIB\HBRTL.LIB|cdpapi ACBP=A9
 0001:0005D20C 00000CE2 C=CODE    S=_TEXT    G=(none)   M=C:\FIVETECH\HB32_BCC7_1905\LIB\HBRTL.LIB|cdpapihb ACBP=A9
 0001:0005DEF0 000000E3 C=CODE    S=_TEXT    G=(none)   M=C:\FIVETECH\HB32_BCC7_1905\LIB\HBRTL.LIB|chrasc ACBP=A9
 0001:0005DFD4 00000F49 C=CODE    S=_TEXT    G=(none)   M=C:\FIVETECH\HB32_BCC7_1905\LIB\HBRTL.LIB|chruni ACBP=A9
 0001:0005EF20 000000AB C=CODE    S=_TEXT    G=(none)   M=C:\FIVETECH\HB32_BCC7_1905\LIB\HBRTL.LIB|colorind ACBP=A9
 0001:0005EFCC 00000B55 C=CODE    S=_TEXT    G=(none)   M=C:\FIVETECH\HB32_BCC7_1905\LIB\HBRTL.LIB|console ACBP=A9
 0001:0005FB24 000001E6 C=CODE    S=_TEXT    G=(none)   M=C:\FIVETECH\HB32_BCC7_1905\LIB\HBRTL.LIB|copyfile ACBP=A9
 0001:0005FD0C 000000EC C=CODE    S=_TEXT    G=(none)   M=C:\FIVETECH\HB32_BCC7_1905\LIB\HBRTL.LIB|cputime ACBP=A9
 0001:0005FDF8 00000175 C=CODE    S=_TEXT    G=(none)   M=C:\FIVETECH\HB32_BCC7_1905\LIB\HBRTL.LIB|datec ACBP=A9
 0001:0005FF70 00000B22 C=CODE    S=_TEXT    G=(none)   M=C:\FIVETECH\HB32_BCC7_1905\LIB\HBRTL.LIB|dates ACBP=A9
 0001:00060A94 00000F9F C=CODE    S=_TEXT    G=(none)   M=C:\FIVETECH\HB32_BCC7_1905\LIB\HBRTL.LIB|dateshb ACBP=A9
 0001:00061A34 00000032 C=CODE    S=_TEXT    G=(none)   M=C:\FIVETECH\HB32_BCC7_1905\LIB\HBRTL.LIB|datesx ACBP=A9
 0001:00061A68 000001BC C=CODE    S=_TEXT    G=(none)   M=C:\FIVETECH\HB32_BCC7_1905\LIB\HBRTL.LIB|dirdrive ACBP=A9
 0001:00061C24 000001B4 C=CODE    S=_TEXT    G=(none)   M=C:\FIVETECH\HB32_BCC7_1905\LIB\HBRTL.LIB|direct ACBP=A9
 0001:00061DD8 0000039B C=CODE    S=_TEXT    G=(none)   M=C:\FIVETECH\HB32_BCC7_1905\LIB\HBRTL.LIB|disksphb ACBP=A9
 0001:00062174 000000F6 C=CODE    S=_TEXT    G=(none)   M=C:\FIVETECH\HB32_BCC7_1905\LIB\HBRTL.LIB|do ACBP=A9
 0001:0006226C 00000234 C=CODE    S=_TEXT    G=(none)   M=C:\FIVETECH\HB32_BCC7_1905\LIB\HBRTL.LIB|empty ACBP=A9
 0001:000624A0 00001517 C=CODE    S=_TEXT    G=(none)   M=C:\FIVETECH\HB32_BCC7_1905\LIB\HBRTL.LIB|errapi ACBP=A9
 0001:000639B8 00000046 C=CODE    S=_TEXT    G=(none)   M=C:\FIVETECH\HB32_BCC7_1905\LIB\HBRTL.LIB|errint ACBP=A9
 0001:00063A00 000002D4 C=CODE    S=_TEXT    G=(none)   M=C:\FIVETECH\HB32_BCC7_1905\LIB\HBRTL.LIB|errintlo ACBP=A9
 0001:00063CD4 000000E1 C=CODE    S=_TEXT    G=(none)   M=C:\FIVETECH\HB32_BCC7_1905\LIB\HBRTL.LIB|file ACBP=A9
 0001:00063DB8 000016F0 C=CODE    S=_TEXT    G=(none)   M=C:\FIVETECH\HB32_BCC7_1905\LIB\HBRTL.LIB|filebuf ACBP=A9
 0001:000654A8 00000027 C=CODE    S=_TEXT    G=(none)   M=C:\FIVETECH\HB32_BCC7_1905\LIB\HBRTL.LIB|filehb ACBP=A9
 0001:000654D0 000023D7 C=CODE    S=_TEXT    G=(none)   M=C:\FIVETECH\HB32_BCC7_1905\LIB\HBRTL.LIB|filesys ACBP=A9
 0001:000678A8 00000017 C=CODE    S=_TEXT    G=(none)   M=C:\FIVETECH\HB32_BCC7_1905\LIB\HBRTL.LIB|fmhb ACBP=A9
 0001:000678C0 0000009C C=CODE    S=_TEXT    G=(none)   M=C:\FIVETECH\HB32_BCC7_1905\LIB\HBRTL.LIB|fnsplit ACBP=A9
 0001:0006795C 00000172 C=CODE    S=_TEXT    G=(none)   M=C:\FIVETECH\HB32_BCC7_1905\LIB\HBRTL.LIB|fscopy ACBP=A9
 0001:00067AD0 000000CA C=CODE    S=_TEXT    G=(none)   M=C:\FIVETECH\HB32_BCC7_1905\LIB\HBRTL.LIB|fserr ACBP=A9
 0001:00067B9C 000003C6 C=CODE    S=_TEXT    G=(none)   M=C:\FIVETECH\HB32_BCC7_1905\LIB\HBRTL.LIB|fslink ACBP=A9
 0001:00067F64 0000018B C=CODE    S=_TEXT    G=(none)   M=C:\FIVETECH\HB32_BCC7_1905\LIB\HBRTL.LIB|fssize ACBP=A9
 0001:000680F0 000003FF C=CODE    S=_TEXT    G=(none)   M=C:\FIVETECH\HB32_BCC7_1905\LIB\HBRTL.LIB|fstemp ACBP=A9
 0001:000684F0 000000DC C=CODE    S=_TEXT    G=(none)   M=C:\FIVETECH\HB32_BCC7_1905\LIB\HBRTL.LIB|gete ACBP=A9
 0001:000685CC 000011D2 C=CODE    S=_TEXT    G=(none)   M=C:\FIVETECH\HB32_BCC7_1905\LIB\HBRTL.LIB|gtapi ACBP=A9
 0001:000697A0 00000355 C=CODE    S=_TEXT    G=(none)   M=C:\FIVETECH\HB32_BCC7_1905\LIB\HBRTL.LIB|gtclip ACBP=A9
 0001:00069AF8 00000225 C=CODE    S=_TEXT    G=(none)   M=C:\FIVETECH\HB32_BCC7_1905\LIB\HBRTL.LIB|gtkbstat ACBP=A9
 0001:00069D20 00000280 C=CODE    S=_TEXT    G=(none)   M=C:\FIVETECH\HB32_BCC7_1905\LIB\HBRTL.LIB|gttone ACBP=A9
 0001:00069FA0 0000017F C=CODE    S=_TEXT    G=(none)   M=C:\FIVETECH\HB32_BCC7_1905\LIB\HBRTL.LIB|hbadler ACBP=A9
 0001:0006A120 000001F7 C=CODE    S=_TEXT    G=(none)   M=C:\FIVETECH\HB32_BCC7_1905\LIB\HBRTL.LIB|hbascii ACBP=A9
 0001:0006A318 0000030F C=CODE    S=_TEXT    G=(none)   M=C:\FIVETECH\HB32_BCC7_1905\LIB\HBRTL.LIB|hbbit ACBP=A9
 0001:0006A628 0000050A C=CODE    S=_TEXT    G=(none)   M=C:\FIVETECH\HB32_BCC7_1905\LIB\HBRTL.LIB|hbcrc ACBP=A9
 0001:0006AB34 000000AE C=CODE    S=_TEXT    G=(none)   M=C:\FIVETECH\HB32_BCC7_1905\LIB\HBRTL.LIB|hbdef ACBP=A9
 0001:0006ABE4 00000047 C=CODE    S=_TEXT    G=(none)   M=C:\FIVETECH\HB32_BCC7_1905\LIB\HBRTL.LIB|hbfile ACBP=A9
 0001:0006AC2C 00000149 C=CODE    S=_TEXT    G=(none)   M=C:\FIVETECH\HB32_BCC7_1905\LIB\HBRTL.LIB|hbfilehc ACBP=A9
 0001:0006AD78 000050EC C=CODE    S=_TEXT    G=(none)   M=C:\FIVETECH\HB32_BCC7_1905\LIB\HBRTL.LIB|hbgtcore ACBP=A9
 0001:0006FE64 000003D2 C=CODE    S=_TEXT    G=(none)   M=C:\FIVETECH\HB32_BCC7_1905\LIB\HBRTL.LIB|hbhex ACBP=A9
 0001:00070238 00001852 C=CODE    S=_TEXT    G=(none)   M=C:\FIVETECH\HB32_BCC7_1905\LIB\HBRTL.LIB|hbi18n1 ACBP=A9
 0001:00071A8C 00001090 C=CODE    S=_TEXT    G=(none)   M=C:\FIVETECH\HB32_BCC7_1905\LIB\HBRTL.LIB|hbjson ACBP=A9
 0001:00072B1C 0000016A C=CODE    S=_TEXT    G=(none)   M=C:\FIVETECH\HB32_BCC7_1905\LIB\HBRTL.LIB|hbntos ACBP=A9
 0001:00072C88 00000096 C=CODE    S=_TEXT    G=(none)   M=C:\FIVETECH\HB32_BCC7_1905\LIB\HBRTL.LIB|hbrand ACBP=A9
 0001:00072D20 000002FC C=CODE    S=_TEXT    G=(none)   M=C:\FIVETECH\HB32_BCC7_1905\LIB\HBRTL.LIB|hbrandom ACBP=A9
 0001:0007301C 00000A56 C=CODE    S=_TEXT    G=(none)   M=C:\FIVETECH\HB32_BCC7_1905\LIB\HBRTL.LIB|hbregex ACBP=A9
 0001:00073A74 000001D1 C=CODE    S=_TEXT    G=(none)   M=C:\FIVETECH\HB32_BCC7_1905\LIB\HBRTL.LIB|hbregexc ACBP=A9
 0001:00073C48 000000AB C=CODE    S=_TEXT    G=(none)   M=C:\FIVETECH\HB32_BCC7_1905\LIB\HBRTL.LIB|hbstrsh ACBP=A9
 0001:00073CF4 00000773 C=CODE    S=_TEXT    G=(none)   M=C:\FIVETECH\HB32_BCC7_1905\LIB\HBRTL.LIB|hbtoken ACBP=A9
 0001:00074468 000000BE C=CODE    S=_TEXT    G=(none)   M=C:\FIVETECH\HB32_BCC7_1905\LIB\HBRTL.LIB|hbzlibc ACBP=A9
 0001:00074528 00000322 C=CODE    S=_TEXT    G=(none)   M=C:\FIVETECH\HB32_BCC7_1905\LIB\HBRTL.LIB|idle ACBP=A9
 0001:0007484C 0000050B C=CODE    S=_TEXT    G=(none)   M=C:\FIVETECH\HB32_BCC7_1905\LIB\HBRTL.LIB|inkey ACBP=A9
 0001:00074D58 000005E3 C=CODE    S=_TEXT    G=(none)   M=C:\FIVETECH\HB32_BCC7_1905\LIB\HBRTL.LIB|inkeyapi ACBP=A9
 0001:0007533C 000000B0 C=CODE    S=_TEXT    G=(none)   M=C:\FIVETECH\HB32_BCC7_1905\LIB\HBRTL.LIB|is ACBP=A9
 0001:000753EC 000031D2 C=CODE    S=_TEXT    G=(none)   M=C:\FIVETECH\HB32_BCC7_1905\LIB\HBRTL.LIB|itemseri ACBP=A9
 0001:000785C0 000004CD C=CODE    S=_TEXT    G=(none)   M=C:\FIVETECH\HB32_BCC7_1905\LIB\HBRTL.LIB|langapi ACBP=A9
 0001:00078A90 000001BA C=CODE    S=_TEXT    G=(none)   M=C:\FIVETECH\HB32_BCC7_1905\LIB\HBRTL.LIB|left ACBP=A9
 0001:00078C4C 00000096 C=CODE    S=_TEXT    G=(none)   M=C:\FIVETECH\HB32_BCC7_1905\LIB\HBRTL.LIB|len ACBP=A9
 0001:00078CE4 00000984 C=CODE    S=_TEXT    G=(none)   M=C:\FIVETECH\HB32_BCC7_1905\LIB\HBRTL.LIB|math ACBP=A9
 0001:00079668 0000007F C=CODE    S=_TEXT    G=(none)   M=C:\FIVETECH\HB32_BCC7_1905\LIB\HBRTL.LIB|maxrow ACBP=A9
 0001:000796E8 00000154 C=CODE    S=_TEXT    G=(none)   M=C:\FIVETECH\HB32_BCC7_1905\LIB\HBRTL.LIB|memofile ACBP=A9
 0001:0007983C 000003A0 C=CODE    S=_TEXT    G=(none)   M=C:\FIVETECH\HB32_BCC7_1905\LIB\HBRTL.LIB|minmax ACBP=A9
 0001:00079BDC 00000CBB C=CODE    S=_TEXT    G=(none)   M=C:\FIVETECH\HB32_BCC7_1905\LIB\HBRTL.LIB|mlcfunc ACBP=A9
 0001:0007A898 00000164 C=CODE    S=_TEXT    G=(none)   M=C:\FIVETECH\HB32_BCC7_1905\LIB\HBRTL.LIB|mod ACBP=A9
 0001:0007A9FC 0000028C C=CODE    S=_TEXT    G=(none)   M=C:\FIVETECH\HB32_BCC7_1905\LIB\HBRTL.LIB|mouse53 ACBP=A9
 0001:0007AC88 00000375 C=CODE    S=_TEXT    G=(none)   M=C:\FIVETECH\HB32_BCC7_1905\LIB\HBRTL.LIB|mouseapi ACBP=A9
 0001:0007B000 0000019C C=CODE    S=_TEXT    G=(none)   M=C:\FIVETECH\HB32_BCC7_1905\LIB\HBRTL.LIB|natmsg ACBP=A9
 0001:0007B19C 0000005F C=CODE    S=_TEXT    G=(none)   M=C:\FIVETECH\HB32_BCC7_1905\LIB\HBRTL.LIB|net ACBP=A9
 0001:0007B1FC 00000067 C=CODE    S=_TEXT    G=(none)   M=C:\FIVETECH\HB32_BCC7_1905\LIB\HBRTL.LIB|netusr ACBP=A9
 0001:0007B264 00000006 C=CODE    S=_TEXT    G=(none)   M=C:\FIVETECH\HB32_BCC7_1905\LIB\HBRTL.LIB|pad ACBP=A9
 0001:0007B26C 000004A9 C=CODE    S=_TEXT    G=(none)   M=C:\FIVETECH\HB32_BCC7_1905\LIB\HBRTL.LIB|padx ACBP=A9
 0001:0007B718 00000BF0 C=CODE    S=_TEXT    G=(none)   M=C:\FIVETECH\HB32_BCC7_1905\LIB\HBRTL.LIB|philes ACBP=A9
 0001:0007C308 000001EF C=CODE    S=_TEXT    G=(none)   M=C:\FIVETECH\HB32_BCC7_1905\LIB\HBRTL.LIB|rat ACBP=A9
 0001:0007C4F8 00000140 C=CODE    S=_TEXT    G=(none)   M=C:\FIVETECH\HB32_BCC7_1905\LIB\HBRTL.LIB|replic ACBP=A9
 0001:0007C638 000000D1 C=CODE    S=_TEXT    G=(none)   M=C:\FIVETECH\HB32_BCC7_1905\LIB\HBRTL.LIB|right ACBP=A9
 0001:0007C70C 0000010E C=CODE    S=_TEXT    G=(none)   M=C:\FIVETECH\HB32_BCC7_1905\LIB\HBRTL.LIB|round ACBP=A9
 0001:0007C81C 000001FF C=CODE    S=_TEXT    G=(none)   M=C:\FIVETECH\HB32_BCC7_1905\LIB\HBRTL.LIB|saverest ACBP=A9
 0001:0007CA1C 0000027A C=CODE    S=_TEXT    G=(none)   M=C:\FIVETECH\HB32_BCC7_1905\LIB\HBRTL.LIB|scroll ACBP=A9
 0001:0007CC98 00000080 C=CODE    S=_TEXT    G=(none)   M=C:\FIVETECH\HB32_BCC7_1905\LIB\HBRTL.LIB|seconds ACBP=A9
 0001:0007CD18 00000119 C=CODE    S=_TEXT    G=(none)   M=C:\FIVETECH\HB32_BCC7_1905\LIB\HBRTL.LIB|setcolor ACBP=A9
 0001:0007CE34 00000057 C=CODE    S=_TEXT    G=(none)   M=C:\FIVETECH\HB32_BCC7_1905\LIB\HBRTL.LIB|setcurs ACBP=A9
 0001:0007CE8C 000005BD C=CODE    S=_TEXT    G=(none)   M=C:\FIVETECH\HB32_BCC7_1905\LIB\HBRTL.LIB|setkey ACBP=A9
 0001:0007D44C 00000097 C=CODE    S=_TEXT    G=(none)   M=C:\FIVETECH\HB32_BCC7_1905\LIB\HBRTL.LIB|setpos ACBP=A9
 0001:0007D4E4 0000002B C=CODE    S=_TEXT    G=(none)   M=C:\FIVETECH\HB32_BCC7_1905\LIB\HBRTL.LIB|setposbs ACBP=A9
 0001:0007D510 00000066 C=CODE    S=_TEXT    G=(none)   M=C:\FIVETECH\HB32_BCC7_1905\LIB\HBRTL.LIB|space ACBP=A9
 0001:0007D578 000002FA C=CODE    S=_TEXT    G=(none)   M=C:\FIVETECH\HB32_BCC7_1905\LIB\HBRTL.LIB|spfiles ACBP=A9
 0001:0007D874 0000008E C=CODE    S=_TEXT    G=(none)   M=C:\FIVETECH\HB32_BCC7_1905\LIB\HBRTL.LIB|str ACBP=A9
 0001:0007D904 000000C0 C=CODE    S=_TEXT    G=(none)   M=C:\FIVETECH\HB32_BCC7_1905\LIB\HBRTL.LIB|strcase ACBP=A9
 0001:0007D9C4 0000012F C=CODE    S=_TEXT    G=(none)   M=C:\FIVETECH\HB32_BCC7_1905\LIB\HBRTL.LIB|strmatch ACBP=A9
 0001:0007DAF4 000004C8 C=CODE    S=_TEXT    G=(none)   M=C:\FIVETECH\HB32_BCC7_1905\LIB\HBRTL.LIB|strrepl ACBP=A9
 0001:0007DFBC 00000185 C=CODE    S=_TEXT    G=(none)   M=C:\FIVETECH\HB32_BCC7_1905\LIB\HBRTL.LIB|strtoexp ACBP=A9
 0001:0007E144 00000264 C=CODE    S=_TEXT    G=(none)   M=C:\FIVETECH\HB32_BCC7_1905\LIB\HBRTL.LIB|strtran ACBP=A9
 0001:0007E3A8 000000EA C=CODE    S=_TEXT    G=(none)   M=C:\FIVETECH\HB32_BCC7_1905\LIB\HBRTL.LIB|strzero ACBP=A9
 0001:0007E494 0000019A C=CODE    S=_TEXT    G=(none)   M=C:\FIVETECH\HB32_BCC7_1905\LIB\HBRTL.LIB|stuff ACBP=A9
 0001:0007E630 00000156 C=CODE    S=_TEXT    G=(none)   M=C:\FIVETECH\HB32_BCC7_1905\LIB\HBRTL.LIB|substr ACBP=A9
 0001:0007E788 00000058 C=CODE    S=_TEXT    G=(none)   M=C:\FIVETECH\HB32_BCC7_1905\LIB\HBRTL.LIB|tone ACBP=A9
 0001:0007E7E0 00001520 C=CODE    S=_TEXT    G=(none)   M=C:\FIVETECH\HB32_BCC7_1905\LIB\HBRTL.LIB|transfrm ACBP=A9
 0001:0007FD00 000001D1 C=CODE    S=_TEXT    G=(none)   M=C:\FIVETECH\HB32_BCC7_1905\LIB\HBRTL.LIB|trim ACBP=A9
 0001:0007FED4 00000042 C=CODE    S=_TEXT    G=(none)   M=C:\FIVETECH\HB32_BCC7_1905\LIB\HBRTL.LIB|type ACBP=A9
 0001:0007FF18 000000F5 C=CODE    S=_TEXT    G=(none)   M=C:\FIVETECH\HB32_BCC7_1905\LIB\HBRTL.LIB|val ACBP=A9
 0001:00080010 00000064 C=CODE    S=_TEXT    G=(none)   M=C:\FIVETECH\HB32_BCC7_1905\LIB\HBRTL.LIB|valtostr ACBP=A9
 0001:00080074 0000027F C=CODE    S=_TEXT    G=(none)   M=C:\FIVETECH\HB32_BCC7_1905\LIB\HBRTL.LIB|valtype ACBP=A9
 0001:000802F4 0000040D C=CODE    S=_TEXT    G=(none)   M=C:\FIVETECH\HB32_BCC7_1905\LIB\HBRTL.LIB|version ACBP=A9
 0001:00080704 00000FD7 C=CODE    S=_TEXT    G=(none)   M=C:\FIVETECH\HB32_BCC7_1905\LIB\HBRTL.LIB|vfile ACBP=A9
 0001:000816DC 00000036 C=CODE    S=_TEXT    G=(none)   M=C:\FIVETECH\HB32_BCC7_1905\LIB\HBRTL.LIB|word ACBP=A9
 0001:00081714 00000069 C=CODE    S=_TEXT    G=(none)   M=C:\FIVETECH\HB32_BCC7_1905\LIB\HBRTL.LIB|xhelp ACBP=A9
 0001:00081780 0000136E C=CODE    S=_TEXT    G=(none)   M=C:\FIVETECH\HB32_BCC7_1905\LIB\HBRTL.LIB|color53 ACBP=A9
 0001:00082AF0 000001BF C=CODE    S=_TEXT    G=(none)   M=C:\FIVETECH\HB32_BCC7_1905\LIB\HBRTL.LIB|getlist ACBP=A9
 0001:00082CB0 000011B8 C=CODE    S=_TEXT    G=(none)   M=C:\FIVETECH\HB32_BCC7_1905\LIB\HBRTL.LIB|getsys ACBP=A9
 0001:00083E68 000008F0 C=CODE    S=_TEXT    G=(none)   M=C:\FIVETECH\HB32_BCC7_1905\LIB\HBRTL.LIB|getsys53 ACBP=A9
 0001:00084758 00000418 C=CODE    S=_TEXT    G=(none)   M=C:\FIVETECH\HB32_BCC7_1905\LIB\HBRTL.LIB|getsyshb ACBP=A9
 0001:00084B70 00000673 C=CODE    S=_TEXT    G=(none)   M=C:\FIVETECH\HB32_BCC7_1905\LIB\HBRTL.LIB|gui ACBP=A9
 0001:000851E4 00002698 C=CODE    S=_TEXT    G=(none)   M=C:\FIVETECH\HB32_BCC7_1905\LIB\HBRTL.LIB|hbfilehi ACBP=A9
 0001:0008787C 000033BE C=CODE    S=_TEXT    G=(none)   M=C:\FIVETECH\HB32_BCC7_1905\LIB\HBRTL.LIB|langcomp ACBP=A9
 0001:0008AC3C 0000094D C=CODE    S=_TEXT    G=(none)   M=C:\FIVETECH\HB32_BCC7_1905\LIB\HBRTL.LIB|menusys ACBP=A9
 0001:0008B58C 00001A43 C=CODE    S=_TEXT    G=(none)   M=C:\FIVETECH\HB32_BCC7_1905\LIB\HBRTL.LIB|objfunc ACBP=A9
 0001:0008CFD0 00003182 C=CODE    S=_TEXT    G=(none)   M=C:\FIVETECH\HB32_BCC7_1905\LIB\HBRTL.LIB|tclass ACBP=A9
 0001:00090154 000122D2 C=CODE    S=_TEXT    G=(none)   M=C:\FIVETECH\HB32_BCC7_1905\LIB\HBRTL.LIB|tget ACBP=A9
 0001:000A2428 0000B976 C=CODE    S=_TEXT    G=(none)   M=C:\FIVETECH\HB32_BCC7_1905\LIB\HBRTL.LIB|tgetlist ACBP=A9
 0001:000ADDA0 0000537E C=CODE    S=_TEXT    G=(none)   M=C:\FIVETECH\HB32_BCC7_1905\LIB\HBRTL.LIB|tmenusys ACBP=A9
 0001:000B3120 00000552 C=CODE    S=_TEXT    G=(none)   M=C:\FIVETECH\HB32_BCC7_1905\LIB\HBRTL.LIB|tobject ACBP=A9
 0001:000B3674 00001DE5 C=CODE    S=_TEXT    G=(none)   M=C:\FIVETECH\HB32_BCC7_1905\LIB\HBRTL.LIB|valtoexp ACBP=A9
 0001:000B545C 0000E77E C=CODE    S=_TEXT    G=(none)   M=C:\FIVETECH\HB32_BCC7_1905\LIB\HBVM.LIB|hvm ACBP=A9
 0001:000C3BDC 00001E2E C=CODE    S=_TEXT    G=(none)   M=C:\FIVETECH\HB32_BCC7_1905\LIB\HBVM.LIB|arrays ACBP=A9
 0001:000C5A0C 000066E0 C=CODE    S=_TEXT    G=(none)   M=C:\FIVETECH\HB32_BCC7_1905\LIB\HBVM.LIB|classes ACBP=A9
 0001:000CC0EC 000008F8 C=CODE    S=_TEXT    G=(none)   M=C:\FIVETECH\HB32_BCC7_1905\LIB\HBVM.LIB|dynsym ACBP=A9
 0001:000CC9E4 00000308 C=CODE    S=_TEXT    G=(none)   M=C:\FIVETECH\HB32_BCC7_1905\LIB\HBVM.LIB|codebloc ACBP=A9
 0001:000CCCEC 00000C31 C=CODE    S=_TEXT    G=(none)   M=C:\FIVETECH\HB32_BCC7_1905\LIB\HBVM.LIB|estack ACBP=A9
 0001:000CD920 00002A1C C=CODE    S=_TEXT    G=(none)   M=C:\FIVETECH\HB32_BCC7_1905\LIB\HBVM.LIB|extend ACBP=A9
 0001:000D033C 00004221 C=CODE    S=_TEXT    G=(none)   M=C:\FIVETECH\HB32_BCC7_1905\LIB\HBVM.LIB|fm ACBP=A9
 0001:000D4560 00000733 C=CODE    S=_TEXT    G=(none)   M=C:\FIVETECH\HB32_BCC7_1905\LIB\HBVM.LIB|garbage ACBP=A9
 0001:000D4C94 00001777 C=CODE    S=_TEXT    G=(none)   M=C:\FIVETECH\HB32_BCC7_1905\LIB\HBVM.LIB|hashes ACBP=A9
 0001:000D640C 00003310 C=CODE    S=_TEXT    G=(none)   M=C:\FIVETECH\HB32_BCC7_1905\LIB\HBVM.LIB|itemapi ACBP=A9
 0001:000D971C 00001268 C=CODE    S=_TEXT    G=(none)   M=C:\FIVETECH\HB32_BCC7_1905\LIB\HBVM.LIB|strapi ACBP=A9
 0001:000DA984 00001D0E C=CODE    S=_TEXT    G=(none)   M=C:\FIVETECH\HB32_BCC7_1905\LIB\HBVM.LIB|macro ACBP=A9
 0001:000DC694 000017C7 C=CODE    S=_TEXT    G=(none)   M=C:\FIVETECH\HB32_BCC7_1905\LIB\HBVM.LIB|memvars ACBP=A9
 0001:000DDE5C 00003DEF C=CODE    S=_TEXT    G=(none)   M=C:\FIVETECH\HB32_BCC7_1905\LIB\HBVM.LIB|set ACBP=A9
 0001:000E1C4C 00000E4C C=CODE    S=_TEXT    G=(none)   M=C:\FIVETECH\HB32_BCC7_1905\LIB\HBVM.LIB|thread ACBP=A9
 0001:000E2A98 000007B0 C=CODE    S=_TEXT    G=(none)   M=C:\FIVETECH\HB32_BCC7_1905\LIB\HBVM.LIB|arrayshb ACBP=A9
 0001:000E3248 00000651 C=CODE    S=_TEXT    G=(none)   M=C:\FIVETECH\HB32_BCC7_1905\LIB\HBVM.LIB|asort ACBP=A9
 0001:000E389C 00000014 C=CODE    S=_TEXT    G=(none)   M=C:\FIVETECH\HB32_BCC7_1905\LIB\HBVM.LIB|break ACBP=A9
 0001:000E38B0 00000C26 C=CODE    S=_TEXT    G=(none)   M=C:\FIVETECH\HB32_BCC7_1905\LIB\HBVM.LIB|cmdarg ACBP=A9
 0001:000E44D8 00000494 C=CODE    S=_TEXT    G=(none)   M=C:\FIVETECH\HB32_BCC7_1905\LIB\HBVM.LIB|debug ACBP=A9
 0001:000E496C 00000287 C=CODE    S=_TEXT    G=(none)   M=C:\FIVETECH\HB32_BCC7_1905\LIB\HBVM.LIB|dynlibhb ACBP=A9
 0001:000E4BF4 00000804 C=CODE    S=_TEXT    G=(none)   M=C:\FIVETECH\HB32_BCC7_1905\LIB\HBVM.LIB|eval ACBP=A9
 0001:000E53F8 000004FD C=CODE    S=_TEXT    G=(none)   M=C:\FIVETECH\HB32_BCC7_1905\LIB\HBVM.LIB|extrap ACBP=A9
 0001:000E58F8 00001351 C=CODE    S=_TEXT    G=(none)   M=C:\FIVETECH\HB32_BCC7_1905\LIB\HBVM.LIB|hashfunc ACBP=A9
 0001:000E6C4C 00000006 C=CODE    S=_TEXT    G=(none)   M=C:\FIVETECH\HB32_BCC7_1905\LIB\HBVM.LIB|initexit ACBP=A9
 0001:000E6C54 00000019 C=CODE    S=_TEXT    G=(none)   M=C:\FIVETECH\HB32_BCC7_1905\LIB\HBVM.LIB|initsymb ACBP=A9
 0001:000E6C70 00000058 C=CODE    S=_TEXT    G=(none)   M=C:\FIVETECH\HB32_BCC7_1905\LIB\HBVM.LIB|pbyref ACBP=A9
 0001:000E6CC8 0000001D C=CODE    S=_TEXT    G=(none)   M=C:\FIVETECH\HB32_BCC7_1905\LIB\HBVM.LIB|pcount ACBP=A9
 0001:000E6CE8 00000070 C=CODE    S=_TEXT    G=(none)   M=C:\FIVETECH\HB32_BCC7_1905\LIB\HBVM.LIB|pvalue ACBP=A9
 0001:000E6D58 00000006 C=CODE    S=_TEXT    G=(none)   M=C:\FIVETECH\HB32_BCC7_1905\LIB\HBVM.LIB|pvaluehb ACBP=A9
 0001:000E6D60 00000508 C=CODE    S=_TEXT    G=(none)   M=C:\FIVETECH\HB32_BCC7_1905\LIB\HBVM.LIB|proc ACBP=A9
 0001:000E7268 00000F54 C=CODE    S=_TEXT    G=(none)   M=C:\FIVETECH\HB32_BCC7_1905\LIB\HBVM.LIB|runner ACBP=A9
 0001:000E81BC 00000028 C=CODE    S=_TEXT    G=(none)   M=C:\FIVETECH\HB32_BCC7_1905\LIB\HBVM.LIB|mainwin ACBP=A9
 0001:000E81E4 00000084 C=CODE    S=_TEXT    G=(none)   M=C:\FIVETECH\HB32_BCC7_1905\LIB\HBVM.LIB|harbinit ACBP=A9
 0001:000E8268 000003D0 C=CODE    S=_TEXT    G=(none)   M=C:\FIVETECH\HB32_BCC7_1905\LIB\GTGUI.LIB|gtgui ACBP=A9
 0001:000E8638 00000010 C=CODE    S=_TEXT    G=(none)   M=C:\FIVETECH\HB32_BCC7_1905\LIB\HBLANG.LIB|l_es ACBP=A9
 0001:000E8648 00001A9F C=CODE    S=_TEXT    G=(none)   M=C:\FIVETECH\HB32_BCC7_1905\LIB\HBMACRO.LIB|macroy ACBP=A9
 0001:000EA0E8 00000659 C=CODE    S=_TEXT    G=(none)   M=C:\FIVETECH\HB32_BCC7_1905\LIB\HBMACRO.LIB|macroa ACBP=A9
 0001:000EA744 0000613C C=CODE    S=_TEXT    G=(none)   M=C:\FIVETECH\HB32_BCC7_1905\LIB\HBMACRO.LIB|macrob ACBP=A9
 0001:000F0880 000011ED C=CODE    S=_TEXT    G=(none)   M=C:\FIVETECH\HB32_BCC7_1905\LIB\HBMACRO.LIB|macrolex ACBP=A9
 0001:000F1A70 00003242 C=CODE    S=_TEXT    G=(none)   M=C:\FIVETECH\HB32_BCC7_1905\LIB\HBRDD.LIB|dbcmd ACBP=A9
 0001:000F4CB4 00000A99 C=CODE    S=_TEXT    G=(none)   M=C:\FIVETECH\HB32_BCC7_1905\LIB\HBRDD.LIB|dbcmd53 ACBP=A9
 0001:000F5750 00009CF8 C=CODE    S=_TEXT    G=(none)   M=C:\FIVETECH\HB32_BCC7_1905\LIB\HBRDD.LIB|dbf1 ACBP=A9
 0001:000FF448 00000016 C=CODE    S=_TEXT    G=(none)   M=C:\FIVETECH\HB32_BCC7_1905\LIB\HBRDD.LIB|fieldhb ACBP=A9
 0001:000FF460 00000076 C=CODE    S=_TEXT    G=(none)   M=C:\FIVETECH\HB32_BCC7_1905\LIB\HBRDD.LIB|ordcount ACBP=A9
 0001:000FF4D8 00000148 C=CODE    S=_TEXT    G=(none)   M=C:\FIVETECH\HB32_BCC7_1905\LIB\HBRDD.LIB|ordwldsk ACBP=A9
 0001:000FF620 000025C6 C=CODE    S=_TEXT    G=(none)   M=C:\FIVETECH\HB32_BCC7_1905\LIB\HBRDD.LIB|workarea ACBP=A9
 0001:00101BE8 00000C17 C=CODE    S=_TEXT    G=(none)   M=C:\FIVETECH\HB32_BCC7_1905\LIB\HBRDD.LIB|wacore ACBP=A9
 0001:00102800 000016AB C=CODE    S=_TEXT    G=(none)   M=C:\FIVETECH\HB32_BCC7_1905\LIB\HBRDD.LIB|wafunc ACBP=A9
 0001:00103EAC 0000031C C=CODE    S=_TEXT    G=(none)   M=C:\FIVETECH\HB32_BCC7_1905\LIB\HBRDD.LIB|rddord ACBP=A9
 0001:001041C8 00000021 C=CODE    S=_TEXT    G=(none)   M=C:\FIVETECH\HB32_BCC7_1905\LIB\HBRDD.LIB|rddsys ACBP=A9
 0001:001041EC 0000AFD8 C=CODE    S=_TEXT    G=(none)   M=C:\FIVETECH\HB32_BCC7_1905\LIB\RDDNTX.LIB|dbfntx1 ACBP=A9
 0001:0010F1C4 0000DBC8 C=CODE    S=_TEXT    G=(none)   M=C:\FIVETECH\HB32_BCC7_1905\LIB\RDDCDX.LIB|dbfcdx1 ACBP=A9
 0001:0011CD8C 00007CC8 C=CODE    S=_TEXT    G=(none)   M=C:\FIVETECH\HB32_BCC7_1905\LIB\RDDFPT.LIB|dbffpt1 ACBP=A9
 0001:00124A54 000003A6 C=CODE    S=_TEXT    G=(none)   M=C:\FIVETECH\HB32_BCC7_1905\LIB\HBSIX.LIB|sxcrypt ACBP=A9
 0001:00124DFC 000000E8 C=CODE    S=_TEXT    G=(none)   M=C:\FIVETECH\HB32_BCC7_1905\LIB\HBSIX.LIB|sxdate ACBP=A9
 0001:00124EE4 00000F39 C=CODE    S=_TEXT    G=(none)   M=C:\FIVETECH\HB32_BCC7_1905\LIB\HBCOMMON.LIB|expropt1 ACBP=A9
 0001:00125E20 000036A5 C=CODE    S=_TEXT    G=(none)   M=C:\FIVETECH\HB32_BCC7_1905\LIB\HBCOMMON.LIB|expropt2 ACBP=A9
 0001:001294C8 000001C5 C=CODE    S=_TEXT    G=(none)   M=C:\FIVETECH\HB32_BCC7_1905\LIB\HBCOMMON.LIB|funcid ACBP=A9
 0001:00129690 0000193E C=CODE    S=_TEXT    G=(none)   M=C:\FIVETECH\HB32_BCC7_1905\LIB\HBCOMMON.LIB|hbdate ACBP=A9
 0001:0012AFD0 0000070B C=CODE    S=_TEXT    G=(none)   M=C:\FIVETECH\HB32_BCC7_1905\LIB\HBCOMMON.LIB|hbffind ACBP=A9
 0001:0012B6DC 0000005D C=CODE    S=_TEXT    G=(none)   M=C:\FIVETECH\HB32_BCC7_1905\LIB\HBCOMMON.LIB|hbfopen ACBP=A9
 0001:0012B73C 000003D3 C=CODE    S=_TEXT    G=(none)   M=C:\FIVETECH\HB32_BCC7_1905\LIB\HBCOMMON.LIB|hbfsapi ACBP=A9
 0001:0012BB10 00000150 C=CODE    S=_TEXT    G=(none)   M=C:\FIVETECH\HB32_BCC7_1905\LIB\HBCOMMON.LIB|hbgete ACBP=A9
 0001:0012BC60 0000032F C=CODE    S=_TEXT    G=(none)   M=C:\FIVETECH\HB32_BCC7_1905\LIB\HBCOMMON.LIB|hbhash ACBP=A9
 0001:0012BF90 00001C09 C=CODE    S=_TEXT    G=(none)   M=C:\FIVETECH\HB32_BCC7_1905\LIB\HBCOMMON.LIB|hbprintf ACBP=A9
 0001:0012DB9C 000014CC C=CODE    S=_TEXT    G=(none)   M=C:\FIVETECH\HB32_BCC7_1905\LIB\HBCOMMON.LIB|hbstr ACBP=A9
 0001:0012F068 00000971 C=CODE    S=_TEXT    G=(none)   M=C:\FIVETECH\HB32_BCC7_1905\LIB\HBCOMMON.LIB|hbver ACBP=A9
 0001:0012F9DC 000002EA C=CODE    S=_TEXT    G=(none)   M=C:\FIVETECH\HB32_BCC7_1905\LIB\HBCOMMON.LIB|hbverdsp ACBP=A9
 0001:0012FCC8 000001CF C=CODE    S=_TEXT    G=(none)   M=C:\FIVETECH\HB32_BCC7_1905\LIB\HBCOMMON.LIB|hbwin ACBP=A9
 0001:0012FE98 0000060D C=CODE    S=_TEXT    G=(none)   M=C:\FIVETECH\HB32_BCC7_1905\LIB\HBCOMMON.LIB|strwild ACBP=A9
 0001:001304A8 0000004F C=CODE    S=_TEXT    G=(none)   M=C:\FIVETECH\HB32_BCC7_1905\LIB\HBPP.LIB|pptable ACBP=A9
 0001:001304F8 0000A719 C=CODE    S=_TEXT    G=(none)   M=C:\FIVETECH\HB32_BCC7_1905\LIB\HBPP.LIB|ppcore ACBP=A9
 0001:0013AC14 0000002C C=CODE    S=_TEXT    G=(none)   M=C:\FIVETECH\HB32_BCC7_1905\LIB\HBCPAGE.LIB|cpcs852 ACBP=A9
 0001:0013AC40 0000002C C=CODE    S=_TEXT    G=(none)   M=C:\FIVETECH\HB32_BCC7_1905\LIB\HBCPAGE.LIB|cpde850 ACBP=A9
 0001:0013AC6C 0000002C C=CODE    S=_TEXT    G=(none)   M=C:\FIVETECH\HB32_BCC7_1905\LIB\HBCPAGE.LIB|cpel737 ACBP=A9
 0001:0013AC98 0000002C C=CODE    S=_TEXT    G=(none)   M=C:\FIVETECH\HB32_BCC7_1905\LIB\HBCPAGE.LIB|cpeswin ACBP=A9
 0001:0013ACC4 000000AC C=CODE    S=_TEXT    G=(none)   M=C:\FIVETECH\HB32_BCC7_1905\LIB\HBWIN.LIB|oleauto ACBP=A9
 0001:0013AD70 00000034 C=CODE    S=_TEXT    G=(none)   M=C:\FIVETECH\HB32_BCC7_1905\LIB\HBWIN.LIB|axfunc ACBP=A9
 0001:0013ADA4 00000048 C=CODE    S=_TEXT    G=(none)   M=C:\FIVETECH\HB32_BCC7_1905\LIB\HBWIN.LIB|win_os ACBP=A9
 0001:0013ADEC 000000C0 C=CODE    S=_TEXT    G=(none)   M=C:\FIVETECH\HB32_BCC7_1905\LIB\HBWIN.LIB|win_reg ACBP=A9
 0001:0013AEAC 00000A3C C=CODE    S=_TEXT    G=(none)   M=C:\FIVETECH\HB32_BCC7_1905\LIB\HBWIN.LIB|axcore ACBP=A9
 0001:0013B8E8 00003A3C C=CODE    S=_TEXT    G=(none)   M=C:\FIVETECH\HB32_BCC7_1905\LIB\HBWIN.LIB|olecore ACBP=A9
 0001:0013F324 0000025E C=CODE    S=_TEXT    G=(none)   M=C:\FIVETECH\HB32_BCC7_1905\LIB\HBWIN.LIB|wapi_alloc ACBP=A9
 0001:0013F584 00000026 C=CODE    S=_TEXT    G=(none)   M=C:\FIVETECH\HB32_BCC7_1905\LIB\HBWIN.LIB|wapi_err ACBP=A9
 0001:0013F5AC 00000132 C=CODE    S=_TEXT    G=(none)   M=C:\FIVETECH\HB32_BCC7_1905\LIB\HBWIN.LIB|wapi_misc ACBP=A9
 0001:0013F6E0 000000EC C=CODE    S=_TEXT    G=(none)   M=C:\FIVETECH\HB32_BCC7_1905\LIB\HBWIN.LIB|wapi_shellapi ACBP=A9
 0001:0013F7CC 000002AF C=CODE    S=_TEXT    G=(none)   M=C:\FIVETECH\HB32_BCC7_1905\LIB\HBWIN.LIB|wapi_winbase_2 ACBP=A9
 0001:0013FA7C 00001699 C=CODE    S=_TEXT    G=(none)   M=C:\FIVETECH\HB32_BCC7_1905\LIB\HBWIN.LIB|wapi_wingdi ACBP=A9
 0001:00141118 0000100F C=CODE    S=_TEXT    G=(none)   M=C:\FIVETECH\HB32_BCC7_1905\LIB\HBWIN.LIB|wapi_winuser_1 ACBP=A9
 0001:00142128 00000176 C=CODE    S=_TEXT    G=(none)   M=C:\FIVETECH\HB32_BCC7_1905\LIB\HBWIN.LIB|wapi_winuser_2 ACBP=A9
 0001:001422A0 00000410 C=CODE    S=_TEXT    G=(none)   M=C:\FIVETECH\HB32_BCC7_1905\LIB\HBWIN.LIB|win_misc_1 ACBP=A9
 0001:001426B0 000002B5 C=CODE    S=_TEXT    G=(none)   M=C:\FIVETECH\HB32_BCC7_1905\LIB\HBWIN.LIB|win_osc ACBP=A9
 0001:00142968 000004E2 C=CODE    S=_TEXT    G=(none)   M=C:\FIVETECH\HB32_BCC7_1905\LIB\HBWIN.LIB|win_regc ACBP=A9
 0001:00142E4C 000062E0 C=CODE    S=_TEXT    G=(none)   M=C:\FIVETECH\HB32_BCC7_1905\LIB\HBCPLR.LIB|harboury ACBP=A9
 0001:0014912C 00000FB8 C=CODE    S=_TEXT    G=(none)   M=C:\FIVETECH\HB32_BCC7_1905\LIB\HBCPLR.LIB|cmdcheck ACBP=A9
 0001:0014A0E4 00000703 C=CODE    S=_TEXT    G=(none)   M=C:\FIVETECH\HB32_BCC7_1905\LIB\HBCPLR.LIB|compi18n ACBP=A9
 0001:0014A7E8 00002899 C=CODE    S=_TEXT    G=(none)   M=C:\FIVETECH\HB32_BCC7_1905\LIB\HBCPLR.LIB|complex ACBP=A9
 0001:0014D084 000009AF C=CODE    S=_TEXT    G=(none)   M=C:\FIVETECH\HB32_BCC7_1905\LIB\HBCPLR.LIB|expropta ACBP=A9
 0001:0014DA34 00006E54 C=CODE    S=_TEXT    G=(none)   M=C:\FIVETECH\HB32_BCC7_1905\LIB\HBCPLR.LIB|exproptb ACBP=A9
 0001:00154888 00004494 C=CODE    S=_TEXT    G=(none)   M=C:\FIVETECH\HB32_BCC7_1905\LIB\HBCPLR.LIB|genc ACBP=A9
 0001:00158D1C 00004B30 C=CODE    S=_TEXT    G=(none)   M=C:\FIVETECH\HB32_BCC7_1905\LIB\HBCPLR.LIB|gencc ACBP=A9
 0001:0015D84C 0000028F C=CODE    S=_TEXT    G=(none)   M=C:\FIVETECH\HB32_BCC7_1905\LIB\HBCPLR.LIB|genhrb ACBP=A9
 0001:0015DADC 00000494 C=CODE    S=_TEXT    G=(none)   M=C:\FIVETECH\HB32_BCC7_1905\LIB\HBCPLR.LIB|hbcmplib ACBP=A9
 0001:0015DF70 000005E6 C=CODE    S=_TEXT    G=(none)   M=C:\FIVETECH\HB32_BCC7_1905\LIB\HBCPLR.LIB|hbcomp ACBP=A9
 0001:0015E558 00000250 C=CODE    S=_TEXT    G=(none)   M=C:\FIVETECH\HB32_BCC7_1905\LIB\HBCPLR.LIB|hbdbginf ACBP=A9
 0001:0015E7A8 00000895 C=CODE    S=_TEXT    G=(none)   M=C:\FIVETECH\HB32_BCC7_1905\LIB\HBCPLR.LIB|hbdead ACBP=A9
 0001:0015F040 00000137 C=CODE    S=_TEXT    G=(none)   M=C:\FIVETECH\HB32_BCC7_1905\LIB\HBCPLR.LIB|hbfix ACBP=A9
 0001:0015F178 0000016E C=CODE    S=_TEXT    G=(none)   M=C:\FIVETECH\HB32_BCC7_1905\LIB\HBCPLR.LIB|hbfunchk ACBP=A9
 0001:0015F2E8 000002E4 C=CODE    S=_TEXT    G=(none)   M=C:\FIVETECH\HB32_BCC7_1905\LIB\HBCPLR.LIB|hbgenerr ACBP=A9
 0001:0015F5CC 0000010D C=CODE    S=_TEXT    G=(none)   M=C:\FIVETECH\HB32_BCC7_1905\LIB\HBCPLR.LIB|hbident ACBP=A9
 0001:0015F6DC 000003DD C=CODE    S=_TEXT    G=(none)   M=C:\FIVETECH\HB32_BCC7_1905\LIB\HBCPLR.LIB|hblbl ACBP=A9
 0001:0015FABC 00005896 C=CODE    S=_TEXT    G=(none)   M=C:\FIVETECH\HB32_BCC7_1905\LIB\HBCPLR.LIB|hbmain ACBP=A9
 0001:00165354 00002120 C=CODE    S=_TEXT    G=(none)   M=C:\FIVETECH\HB32_BCC7_1905\LIB\HBCPLR.LIB|hbopt ACBP=A9
 0001:00167474 0000058F C=CODE    S=_TEXT    G=(none)   M=C:\FIVETECH\HB32_BCC7_1905\LIB\HBCPLR.LIB|hbpcode ACBP=A9
 0001:00167A04 00000102 C=CODE    S=_TEXT    G=(none)   M=C:\FIVETECH\HB32_BCC7_1905\LIB\HBCPLR.LIB|hbstripl ACBP=A9
 0001:00167B08 0000012A C=CODE    S=_TEXT    G=(none)   M=C:\FIVETECH\HB32_BCC7_1905\LIB\HBCPLR.LIB|hbusage ACBP=A9
 0001:00167C34 0000088F C=CODE    S=_TEXT    G=(none)   M=C:\FIVETECH\HB32_BCC7_1905\LIB\HBCPLR.LIB|ppcomp ACBP=A9
 0001:001684C4 000000C0 C=CODE    S=_TEXT    G=(none)   M=C:\FIVETECH\HB32_BCC7_1905\LIB\HBCT.LIB|ctmisc ACBP=A9
 0001:00168584 0000005C C=CODE    S=_TEXT    G=(none)   M=C:\FIVETECH\HB32_BCC7_1905\LIB\HBCT.LIB|cttime ACBP=A9
 0001:001685E0 000003C5 C=CODE    S=_TEXT    G=(none)   M=C:\FIVETECH\HB32_BCC7_1905\LIB\HBCT.LIB|atnum ACBP=A9
 0001:001689A8 000001C3 C=CODE    S=_TEXT    G=(none)   M=C:\FIVETECH\HB32_BCC7_1905\LIB\HBCT.LIB|blank ACBP=A9
 0001:00168B6C 00000158 C=CODE    S=_TEXT    G=(none)   M=C:\FIVETECH\HB32_BCC7_1905\LIB\HBCT.LIB|charmirr ACBP=A9
 0001:00168CC4 00000329 C=CODE    S=_TEXT    G=(none)   M=C:\FIVETECH\HB32_BCC7_1905\LIB\HBCT.LIB|charone ACBP=A9
 0001:00168FF0 00000251 C=CODE    S=_TEXT    G=(none)   M=C:\FIVETECH\HB32_BCC7_1905\LIB\HBCT.LIB|charonly ACBP=A9
 0001:00169244 00000252 C=CODE    S=_TEXT    G=(none)   M=C:\FIVETECH\HB32_BCC7_1905\LIB\HBCT.LIB|charrepl ACBP=A9
 0001:00169498 00000205 C=CODE    S=_TEXT    G=(none)   M=C:\FIVETECH\HB32_BCC7_1905\LIB\HBCT.LIB|charswap ACBP=A9
 0001:001696A0 000002DB C=CODE    S=_TEXT    G=(none)   M=C:\FIVETECH\HB32_BCC7_1905\LIB\HBCT.LIB|ctc ACBP=A9
 0001:0016997C 000000AA C=CODE    S=_TEXT    G=(none)   M=C:\FIVETECH\HB32_BCC7_1905\LIB\HBCT.LIB|ctmath ACBP=A9
 0001:00169A28 0000047D C=CODE    S=_TEXT    G=(none)   M=C:\FIVETECH\HB32_BCC7_1905\LIB\HBCT.LIB|ctmath2 ACBP=A9
 0001:00169EA8 000002CB C=CODE    S=_TEXT    G=(none)   M=C:\FIVETECH\HB32_BCC7_1905\LIB\HBCT.LIB|ctnet ACBP=A9
 0001:0016A174 000004C4 C=CODE    S=_TEXT    G=(none)   M=C:\FIVETECH\HB32_BCC7_1905\LIB\HBCT.LIB|ctstr ACBP=A9
 0001:0016A638 0000045E C=CODE    S=_TEXT    G=(none)   M=C:\FIVETECH\HB32_BCC7_1905\LIB\HBCT.LIB|ctstrfil ACBP=A9
 0001:0016AA98 00000463 C=CODE    S=_TEXT    G=(none)   M=C:\FIVETECH\HB32_BCC7_1905\LIB\HBCT.LIB|datetime ACBP=A9
 0001:0016AEFC 00000964 C=CODE    S=_TEXT    G=(none)   M=C:\FIVETECH\HB32_BCC7_1905\LIB\HBCT.LIB|dattime2 ACBP=A9
 0001:0016B860 0000036C C=CODE    S=_TEXT    G=(none)   M=C:\FIVETECH\HB32_BCC7_1905\LIB\HBCT.LIB|disk ACBP=A9
 0001:0016BBCC 0000018A C=CODE    S=_TEXT    G=(none)   M=C:\FIVETECH\HB32_BCC7_1905\LIB\HBCT.LIB|numat ACBP=A9
 0001:0016BD58 00000477 C=CODE    S=_TEXT    G=(none)   M=C:\FIVETECH\HB32_BCC7_1905\LIB\HBCT.LIB|range ACBP=A9
 0001:0016C1D0 00000125 C=CODE    S=_TEXT    G=(none)   M=C:\FIVETECH\HB32_BCC7_1905\LIB\HBCT.LIB|remove ACBP=A9
 0001:0016C2F8 00000744 C=CODE    S=_TEXT    G=(none)   M=C:\FIVETECH\HB32_BCC7_1905\LIB\HBCT.LIB|token1 ACBP=A9
 0001:0016CA3C 00000044 C=CODE    S=_TEXT    G=(none)   M=C:\FIVETECH\HB32_BCC7_1905\LIB\HBPCRE.LIB|chartabs ACBP=A9
 0001:0016CA3C 0000916B C=CODE    S=_TEXT    G=(none)   M=C:\FIVETECH\HB32_BCC7_1905\LIB\HBPCRE.LIB|pcrecomp ACBP=A9
 0001:00175BA8 00000141 C=CODE    S=_TEXT    G=(none)   M=C:\FIVETECH\HB32_BCC7_1905\LIB\HBPCRE.LIB|pcreconf ACBP=A9
 0001:00175CEC 00011DA6 C=CODE    S=_TEXT    G=(none)   M=C:\FIVETECH\HB32_BCC7_1905\LIB\HBPCRE.LIB|pcreexec ACBP=A9
 0001:00187A92 00000044 C=CODE    S=_TEXT    G=(none)   M=C:\FIVETECH\HB32_BCC7_1905\LIB\HBPCRE.LIB|pcreglob ACBP=A9
 0001:00187A94 0000042A C=CODE    S=_TEXT    G=(none)   M=C:\FIVETECH\HB32_BCC7_1905\LIB\HBPCRE.LIB|pcrenewl ACBP=A9
 0001:00187EC0 00000093 C=CODE    S=_TEXT    G=(none)   M=C:\FIVETECH\HB32_BCC7_1905\LIB\HBPCRE.LIB|pcreoutf ACBP=A9
 0001:00187F53 00000044 C=CODE    S=_TEXT    G=(none)   M=C:\FIVETECH\HB32_BCC7_1905\LIB\HBPCRE.LIB|pcretabs ACBP=A9
 0001:00187F53 00000044 C=CODE    S=_TEXT    G=(none)   M=C:\FIVETECH\HB32_BCC7_1905\LIB\HBPCRE.LIB|pcreucd ACBP=A9
 0001:00187F54 0000043A C=CODE    S=_TEXT    G=(none)   M=C:\FIVETECH\HB32_BCC7_1905\LIB\HBPCRE.LIB|pcrevutf ACBP=A9
 0001:00188390 00000847 C=CODE    S=_TEXT    G=(none)   M=C:\FIVETECH\HB32_BCC7_1905\LIB\HBPCRE.LIB|pcrexcls ACBP=A9
 0001:00188BD8 0000005C C=CODE    S=_TEXT    G=(none)   M=C:\FIVETECH\HB32_BCC7_1905\LIB\XHB.LIB|decode ACBP=A9
 0001:00188C34 00000034 C=CODE    S=_TEXT    G=(none)   M=C:\FIVETECH\HB32_BCC7_1905\LIB\XHB.LIB|regexrpl ACBP=A9
 0001:00188C68 00000214 C=CODE    S=_TEXT    G=(none)   M=C:\FIVETECH\HB32_BCC7_1905\LIB\XHB.LIB|txml ACBP=A9
 0001:00188E7C 00000034 C=CODE    S=_TEXT    G=(none)   M=C:\FIVETECH\HB32_BCC7_1905\LIB\XHB.LIB|xhbmisc ACBP=A9
 0001:00188EB0 00000200 C=CODE    S=_TEXT    G=(none)   M=C:\FIVETECH\HB32_BCC7_1905\LIB\XHB.LIB|xhbole ACBP=A9
 0001:001890B0 00002EFD C=CODE    S=_TEXT    G=(none)   M=C:\FIVETECH\HB32_BCC7_1905\LIB\XHB.LIB|hbxml ACBP=A9
 0001:0018BFB0 00000316 C=CODE    S=_TEXT    G=(none)   M=C:\FIVETECH\HB32_BCC7_1905\LIB\XHB.LIB|xhbat ACBP=A9
 0001:0018C2C8 00000036 C=CODE    S=_TEXT    G=(none)   M=C:\FIVETECH\HB32_BCC7_1905\LIB\XHB.LIB|xhbdate ACBP=A9
 0001:0018C300 0000002F C=CODE    S=_TEXT    G=(none)   M=C:\FIVETECH\HB32_BCC7_1905\LIB\XHB.LIB|xhbenum ACBP=A9
 0001:0018C330 000004B6 C=CODE    S=_TEXT    G=(none)   M=C:\FIVETECH\HB32_BCC7_1905\LIB\XHB.LIB|xhbfunc ACBP=A9
 0001:0018C7E8 00000106 C=CODE    S=_TEXT    G=(none)   M=C:\FIVETECH\HB32_BCC7_1905\LIB\XHB.LIB|xhbhash ACBP=A9
 0001:0018C8F0 00000006 C=CODE    S=_TEXT    G=(none)   M=C:\FIVETECH\HB32_BCC7_1905\LIB\XHB.LIB|xhbi18n ACBP=A9
 0001:0018C8F8 00000051 C=CODE    S=_TEXT    G=(none)   M=C:\FIVETECH\HB32_BCC7_1905\LIB\XHB.LIB|xhbmtc ACBP=A9
 0001:0018C94C 00000034 C=CODE    S=_TEXT    G=(none)   M=C:\FIVETECH\HB32_BCC7_1905\LIB\XHB.LIB|xhbolec ACBP=A9
 0001:0018C980 0000008C C=CODE    S=_TEXT    G=(none)   M=C:\FIVETECH\HB32_BCC7_1905\LIB\XHB.LIB|xhbqself ACBP=A9
 0001:0018CA0C 00000091 C=CODE    S=_TEXT    G=(none)   M=C:\FIVETECH\HB32_BCC7_1905\LIB\XHB.LIB|xhbwin ACBP=A9
 0001:0018CAA0 0000004F C=CODE    S=_TEXT    G=(none)   M=C:\FIVETECH\HB32_BCC7_1905\LIB\XHB.LIB|xthrow ACBP=A9
 0001:0018CAF0 0000009E C=CODE    S=_TEXT    G=(none)   M=C:\FIVETECH\HB32_BCC7_1905\LIB\XHB.LIB|xwin_ver ACBP=A9
 0001:0018CB90 00000188 C=CODE    S=_TEXT    G=(none)   M=C:\FIVETECH\HB32_BCC7_1905\LIB\HBZIPARC.LIB|ziparc ACBP=A9
 0001:0018CD18 00001EC6 C=CODE    S=_TEXT    G=(none)   M=C:\FIVETECH\HB32_BCC7_1905\LIB\HBMZIP.LIB|mzip ACBP=A9
 0001:0018EBE0 00000393 C=CODE    S=_TEXT    G=(none)   M=C:\FIVETECH\HB32_BCC7_1905\LIB\HBZLIB.LIB|adler32 ACBP=A9
 0001:0018EF74 000002F3 C=CODE    S=_TEXT    G=(none)   M=C:\FIVETECH\HB32_BCC7_1905\LIB\HBZLIB.LIB|crc32 ACBP=A9
 0001:0018F268 00002995 C=CODE    S=_TEXT    G=(none)   M=C:\FIVETECH\HB32_BCC7_1905\LIB\HBZLIB.LIB|deflate ACBP=A9
 0001:00191C00 0000048F C=CODE    S=_TEXT    G=(none)   M=C:\FIVETECH\HB32_BCC7_1905\LIB\HBZLIB.LIB|inffast ACBP=A9
 0001:00192090 00001F21 C=CODE    S=_TEXT    G=(none)   M=C:\FIVETECH\HB32_BCC7_1905\LIB\HBZLIB.LIB|inflate ACBP=A9
 0001:00193FB4 00000425 C=CODE    S=_TEXT    G=(none)   M=C:\FIVETECH\HB32_BCC7_1905\LIB\HBZLIB.LIB|inftrees ACBP=A9
 0001:001943DC 00001CB8 C=CODE    S=_TEXT    G=(none)   M=C:\FIVETECH\HB32_BCC7_1905\LIB\HBZLIB.LIB|trees ACBP=A9
 0001:00196094 000000DB C=CODE    S=_TEXT    G=(none)   M=C:\FIVETECH\HB32_BCC7_1905\LIB\HBZLIB.LIB|zutil ACBP=A9
 0001:00196170 00000355 C=CODE    S=_TEXT    G=(none)   M=C:\FIVETECH\HB32_BCC7_1905\LIB\MINIZIP.LIB|ioapi ACBP=A9
 0001:001964C8 00002A18 C=CODE    S=_TEXT    G=(none)   M=C:\FIVETECH\HB32_BCC7_1905\LIB\MINIZIP.LIB|zip ACBP=A9
 0001:00198EE0 00002500 C=CODE    S=_TEXT    G=(none)   M=C:\FIVETECH\HB32_BCC7_1905\LIB\MINIZIP.LIB|unzip ACBP=A9
 0001:0019B3E0 00000028 C=CODE    S=_TEXT    G=(none)   M=C:\BCC\BCC7\LIB\CW32.LIB|delaop ACBP=A9
 0001:0019B408 0000002E C=CODE    S=_TEXT    G=(none)   M=C:\BCC\BCC7\LIB\CW32.LIB|delop ACBP=A9
 0001:0019B438 0000009D C=CODE    S=_TEXT    G=(none)   M=C:\BCC\BCC7\LIB\CW32.LIB|exceptio ACBP=A9
 0001:0019B4D5 0000009B C=CODE    S=_TEXT    G=(none)   M=C:\BCC\BCC7\LIB\CW32.LIB|gccex ACBP=A9
 0001:0019B570 000011DC C=CODE    S=_TEXT    G=(none)   M=C:\BCC\BCC7\LIB\CW32.LIB|inst ACBP=A9
 0001:0019C74C 0000245C C=CODE    S=_TEXT    G=(none)   M=C:\BCC\BCC7\LIB\CW32.LIB|ios ACBP=A9
 0001:0019EB80 00004A2E C=CODE    S=_TEXT    G=(none)   M=C:\BCC\BCC7\LIB\CW32.LIB|iostream ACBP=A9
 0001:001A3588 000002EF C=CODE    S=_TEXT    G=(none)   M=C:\BCC\BCC7\LIB\CW32.LIB|dwlocale ACBP=A9
 0001:001A3850 00002106 C=CODE    S=_TEXT    G=(none)   M=C:\BCC\BCC7\LIB\CW32.LIB|locale0 ACBP=A9
 0001:001A5956 00000019 C=CODE    S=_TEXT    G=(none)   M=C:\BCC\BCC7\LIB\CW32.LIB|new ACBP=A9
 0001:001A5958 00000074 C=CODE    S=_TEXT    G=(none)   M=C:\BCC\BCC7\LIB\CW32.LIB|newaop ACBP=A9
 0001:001A5980 0000011E C=CODE    S=_TEXT    G=(none)   M=C:\BCC\BCC7\LIB\CW32.LIB|newop ACBP=A9
 0001:001A5A7B 00001DC2 C=CODE    S=_TEXT    G=(none)   M=C:\BCC\BCC7\LIB\CW32.LIB|string ACBP=A9
 0001:001A7818 000043B1 C=CODE    S=_TEXT    G=(none)   M=C:\BCC\BCC7\LIB\CW32.LIB|wiostrea ACBP=A9
 0001:001ABBA1 000000D4 C=CODE    S=_TEXT    G=(none)   M=C:\BCC\BCC7\LIB\CW32.LIB|xlocinfo ACBP=A9
 0001:001ABC78 00000110 C=CODE    S=_TEXT    G=(none)   M=C:\BCC\BCC7\LIB\CW32.LIB|xstart ACBP=A9
 0001:001ABD88 00000027 C=CODE    S=_TEXT    G=(none)   M=C:\BCC\BCC7\LIB\CW32.LIB|wchar ACBP=A9
 0001:001ABDB0 0000014B C=CODE    S=_TEXT    G=(none)   M=C:\BCC\BCC7\LIB\CW32.LIB|hrdir_b ACBP=A9
 0001:001ABEFC 00000020 C=CODE    S=_TEXT    G=(none)   M=C:\BCC\BCC7\LIB\CW32.LIB|hrdir_mf ACBP=A9
 0001:001ABF1C 000000DC C=CODE    S=_TEXT    G=(none)   M=C:\BCC\BCC7\LIB\CW32.LIB|hrdir_s ACBP=A9
 0001:001ABFF8 00000001 C=CODE    S=_TEXT    G=(none)   M=C:\BCC\BCC7\LIB\CW32.LIB|hrdir_us ACBP=A9
 0001:001ABFFC 000001DF C=CODE    S=_TEXT    G=(none)   M=C:\BCC\BCC7\LIB\CW32.LIB|vnewldtc ACBP=A9
 0001:001AC1DC 00000DC2 C=CODE    S=_TEXT    G=(none)   M=C:\BCC\BCC7\LIB\CW32.LIB|_fastmm ACBP=A9
 0001:001ACFA0 00000B42 C=CODE    S=_TEXT    G=(none)   M=C:\BCC\BCC7\LIB\CW32.LIB|_fastmma ACBP=A9
 0001:001ADAE4 0000004A C=CODE    S=_TEXT    G=(none)   M=C:\BCC\BCC7\LIB\CW32.LIB|heap ACBP=A9
 0001:001ADB30 00000065 C=CODE    S=_TEXT    G=(none)   M=C:\BCC\BCC7\LIB\CW32.LIB|realloc ACBP=A9
 0001:001ADB98 00000001 C=CODE    S=_TEXT    G=(none)   M=C:\BCC\BCC7\LIB\CW32.LIB|crtlst_i ACBP=A9
 0001:001ADB9C 00000001 C=CODE    S=_TEXT    G=(none)   M=C:\BCC\BCC7\LIB\CW32.LIB|crtlst_l ACBP=A9
 0001:001ADBA0 00000032 C=CODE    S=_TEXT    G=(none)   M=C:\BCC\BCC7\LIB\CW32.LIB|strdup ACBP=A9
 0001:001ADBD4 00000029 C=CODE    S=_TEXT    G=(none)   M=C:\BCC\BCC7\LIB\CW32.LIB|strrchr ACBP=A9
 0001:001ADC00 00000060 C=CODE    S=_TEXT    G=(none)   M=C:\BCC\BCC7\LIB\CW32.LIB|strstr ACBP=A9
 0001:001ADC60 0000003F C=CODE    S=_TEXT    G=(none)   M=C:\BCC\BCC7\LIB\CW32.LIB|wcscpy ACBP=A9
 0001:001ADCA0 00000018 C=CODE    S=_TEXT    G=(none)   M=C:\BCC\BCC7\LIB\CW32.LIB|wcslen ACBP=A9
 0001:001ADCB8 0000000A C=CODE    S=_TEXT    G=(none)   M=C:\BCC\BCC7\LIB\CW32.LIB|__strchr ACBP=A9
 0001:001ADCC4 00000037 C=CODE    S=_TEXT    G=(none)   M=C:\BCC\BCC7\LIB\CW32.LIB|_stpcpy ACBP=A9
 0001:001ADCFC 00000055 C=CODE    S=_TEXT    G=(none)   M=C:\BCC\BCC7\LIB\CW32.LIB|memchr ACBP=A9
 0001:001ADD54 0000006C C=CODE    S=_TEXT    G=(none)   M=C:\BCC\BCC7\LIB\CW32.LIB|memcmp ACBP=A9
 0001:001ADDC0 00000016 C=CODE    S=_TEXT    G=(none)   M=C:\BCC\BCC7\LIB\CW32.LIB|memcpy ACBP=A9
 0001:001ADDD8 00000117 C=CODE    S=_TEXT    G=(none)   M=C:\BCC\BCC7\LIB\CW32.LIB|memmove ACBP=A9
 0001:001ADEF0 000000B3 C=CODE    S=_TEXT    G=(none)   M=C:\BCC\BCC7\LIB\CW32.LIB|memset ACBP=A9
 0001:001ADFA4 0000005D C=CODE    S=_TEXT    G=(none)   M=C:\BCC\BCC7\LIB\CW32.LIB|strcat ACBP=A9
 0001:001AE004 0000004E C=CODE    S=_TEXT    G=(none)   M=C:\BCC\BCC7\LIB\CW32.LIB|strchr ACBP=A9
 0001:001AE054 0000004D C=CODE    S=_TEXT    G=(none)   M=C:\BCC\BCC7\LIB\CW32.LIB|strcmp ACBP=A9
 0001:001AE0A4 00000049 C=CODE    S=_TEXT    G=(none)   M=C:\BCC\BCC7\LIB\CW32.LIB|strcpy ACBP=A9
 0001:001AE0F0 0000005A C=CODE    S=_TEXT    G=(none)   M=C:\BCC\BCC7\LIB\CW32.LIB|strlen ACBP=A9
 0001:001AE14C 0000007A C=CODE    S=_TEXT    G=(none)   M=C:\BCC\BCC7\LIB\CW32.LIB|strncat ACBP=A9
 0001:001AE1C8 0000005F C=CODE    S=_TEXT    G=(none)   M=C:\BCC\BCC7\LIB\CW32.LIB|strncmp ACBP=A9
 0001:001AE228 00000057 C=CODE    S=_TEXT    G=(none)   M=C:\BCC\BCC7\LIB\CW32.LIB|wcscmp ACBP=A9
 0001:001AE280 0000001C C=CODE    S=_TEXT    G=(none)   M=C:\BCC\BCC7\LIB\CW32.LIB|wmemcpy ACBP=A9
 0001:001AE29C 000000DF C=CODE    S=_TEXT    G=(none)   M=C:\BCC\BCC7\LIB\CW32.LIB|wmemset ACBP=A9
 0001:001AE37C 00000040 C=CODE    S=_TEXT    G=(none)   M=C:\BCC\BCC7\LIB\CW32.LIB|__access ACBP=A9
 0001:001AE3BC 00000063 C=CODE    S=_TEXT    G=(none)   M=C:\BCC\BCC7\LIB\CW32.LIB|__close ACBP=A9
 0001:001AE420 00000086 C=CODE    S=_TEXT    G=(none)   M=C:\BCC\BCC7\LIB\CW32.LIB|__eof ACBP=A9
 0001:001AE4A8 00000047 C=CODE    S=_TEXT    G=(none)   M=C:\BCC\BCC7\LIB\CW32.LIB|__isatty ACBP=A9
 0001:001AE4F0 00000076 C=CODE    S=_TEXT    G=(none)   M=C:\BCC\BCC7\LIB\CW32.LIB|__lseek ACBP=A9
 0001:001AE568 00000214 C=CODE    S=_TEXT    G=(none)   M=C:\BCC\BCC7\LIB\CW32.LIB|__open ACBP=A9
 0001:001AE77C 0000019A C=CODE    S=_TEXT    G=(none)   M=C:\BCC\BCC7\LIB\CW32.LIB|__read ACBP=A9
 0001:001AE918 00000214 C=CODE    S=_TEXT    G=(none)   M=C:\BCC\BCC7\LIB\CW32.LIB|__wopen ACBP=A9
 0001:001AEB2C 000001DD C=CODE    S=_TEXT    G=(none)   M=C:\BCC\BCC7\LIB\CW32.LIB|__wread ACBP=A9
 0001:001AED0C 0000011C C=CODE    S=_TEXT    G=(none)   M=C:\BCC\BCC7\LIB\CW32.LIB|__write ACBP=A9
 0001:001AEE28 00000011 C=CODE    S=_TEXT    G=(none)   M=C:\BCC\BCC7\LIB\CW32.LIB|_cfinfo ACBP=A9
 0001:001AEE3C 00000075 C=CODE    S=_TEXT    G=(none)   M=C:\BCC\BCC7\LIB\CW32.LIB|_read ACBP=A9
 0001:001AEEB1 00000017 C=CODE    S=_TEXT    G=(none)   M=C:\BCC\BCC7\LIB\CW32.LIB|_umask ACBP=A9
 0001:001AEEB4 0000002B C=CODE    S=_TEXT    G=(none)   M=C:\BCC\BCC7\LIB\CW32.LIB|_wfsopen ACBP=A9
 0001:001AEEE0 00000061 C=CODE    S=_TEXT    G=(none)   M=C:\BCC\BCC7\LIB\CW32.LIB|_write ACBP=A9
 0001:001AEF44 0000007D C=CODE    S=_TEXT    G=(none)   M=C:\BCC\BCC7\LIB\CW32.LIB|allocbuf ACBP=A9
 0001:001AEFC4 0000008E C=CODE    S=_TEXT    G=(none)   M=C:\BCC\BCC7\LIB\CW32.LIB|fclose ACBP=A9
 0001:001AF054 0000007F C=CODE    S=_TEXT    G=(none)   M=C:\BCC\BCC7\LIB\CW32.LIB|fflush ACBP=A9
 0001:001AF0D4 0000001E C=CODE    S=_TEXT    G=(none)   M=C:\BCC\BCC7\LIB\CW32.LIB|fgetpos ACBP=A9
 0001:001AF0F4 0000005A C=CODE    S=_TEXT    G=(none)   M=C:\BCC\BCC7\LIB\CW32.LIB|flushout ACBP=A9
 0001:001AF150 00000023 C=CODE    S=_TEXT    G=(none)   M=C:\BCC\BCC7\LIB\CW32.LIB|fmodeptr ACBP=A9
 0001:001AF174 0000021B C=CODE    S=_TEXT    G=(none)   M=C:\BCC\BCC7\LIB\CW32.LIB|fopen ACBP=A9
 0001:001AF390 00000022 C=CODE    S=_TEXT    G=(none)   M=C:\BCC\BCC7\LIB\CW32.LIB|fprintf ACBP=A9
[...]
 0002:002DF7F4  @std@codecvt_base@3
 0002:002DF810  @std@%codecvt$cci%@3
 0002:002DF83C  std::fpos<int>::_Stz
 0002:002DF840  std::codecvt<char, char, int>::id
 0002:002DF844  __vdflg__ std::codecvt<char, char, int>::id
 0002:002DF848  std::_Facetptr<std::codecvt<char, char, int> >::_Psave
 0002:002DF84C  __odtbl__ std::codecvt_base::~codecvt_base()
 0002:002DF85C  __ectbl__ std::codecvt_base::~codecvt_base()
 0002:002DF874  __thrwl__ std::codecvt_base::do_always_noconv() const
 0002:002DF878  __ectbl__ std::codecvt_base::do_always_noconv() const
 0002:002DF884  __thrwl__ std::codecvt_base::do_max_length() const
 0002:002DF888  __ectbl__ std::codecvt_base::do_max_length() const
 0002:002DF894  __thrwl__ std::codecvt_base::do_encoding() const
 0002:002DF898  __ectbl__ std::codecvt_base::do_encoding() const
 0002:002DF8A4  __odtbl__ std::codecvt<char, char, int>::~codecvt<char, char, int>()
 0002:002DF8B4  __ectbl__ std::codecvt<char, char, int>::~codecvt<char, char, int>()
 0002:002DF8CC  D3001_1
 0002:002DF9AC  std::num_get<char, std::istreambuf_iterator<char, std::char_traits<char> > >::id
 0002:002DF9B0  __vdflg__ std::num_get<char, std::istreambuf_iterator<char, std::char_traits<char> > >::id
 0002:002DF9B4  std::num_put<char, std::ostreambuf_iterator<char, std::char_traits<char> > >::id
 0002:002DF9B8  __vdflg__ std::num_put<char, std::ostreambuf_iterator<char, std::char_traits<char> > >::id
 0002:002DF9BC  std::numpunct<char>::id
 0002:002DF9C0  __vdflg__ std::numpunct<char>::id
 0002:002DF9C4  __thrwl__ std::bad_alloc::bad_alloc()
 0002:002DF9C8  __odtbl__ std::bad_alloc::bad_alloc()
 0002:002DF9D8  __ectbl__ std::bad_alloc::bad_alloc()
 0002:002DF9F0  __ectbl__ std::bad_alloc::bad_alloc(std::bad_alloc&)
 0002:002DF9FC  __thrwl__ std::bad_alloc::~bad_alloc()
 0002:002DFA00  __ectbl__ std::bad_alloc::~bad_alloc()
 0002:002DFA0C  @std@bad_alloc@3
 0002:002DFA20  @std@locale@_Locimp@3
 0002:002DFA30  __thrwl__ std::bad_alloc::what() const
 0002:002DFA34  __ectbl__ std::bad_alloc::what() const
 0002:002DFA40  D3003_1
 0002:002DFAD8  __odtbl__ std::_Fac_tidy()
 0002:002DFB08  __ectbl__ std::_Fac_tidy()
 0002:002DFB50  __odtbl__ std::_Deletegloballocale(void *)
 0002:002DFB60  __ectbl__ std::_Deletegloballocale(void *)
 0002:002DFB90  __ectbl__ std::_Setgloballocale(void *)
 0002:002DFBA8  std::locale::_Locimp::_Clocptr
 0002:002DFBAC  std::locale::id::_Id_cnt
 0002:002DFBB0  std::ctype<char>::id
 0002:002DFBB4  __vdflg__ std::ctype<char>::id
 0002:002DFBB8  std::ctype<wchar_t>::id
 0002:002DFBBC  __vdflg__ std::ctype<wchar_t>::id
 0002:002DFBC0  std::codecvt<wchar_t, char, int>::id
 0002:002DFBC4  __vdflg__ std::codecvt<wchar_t, char, int>::id
 0002:002DFBC8  std::codecvt<char16_t, char, int>::id
 0002:002DFBCC  __vdflg__ std::codecvt<char16_t, char, int>::id
 0002:002DFBD0  std::codecvt<char32_t, char, int>::id
 0002:002DFBD4  __vdflg__ std::codecvt<char32_t, char, int>::id
 0002:002DFBD8  std::ctype<char>::table_size
 0002:002DFBDC  __thrwl__ std::locale::locale()
 0002:002DFBE0  __odtbl__ std::locale::locale()
 0002:002DFBF0  __ectbl__ std::locale::locale()
 0002:002DFC14  __odtbl__ std::locale::_Init()
 0002:002DFC54  __ectbl__ std::locale::_Init()
 0002:002DFCC0  __odtbl__ std::locale::facet::_Register()
 0002:002DFCD0  __ectbl__ std::locale::facet::_Register()
 0002:002DFD00  __odtbl__ std::locale::_Locimp::_Locimp(bool)
 0002:002DFD10  __ectbl__ std::locale::_Locimp::_Locimp(bool)
 0002:002DFD34  __odtbl__ std::locale::_Locimp::~_Locimp()
 0002:002DFD70  __ectbl__ std::locale::_Locimp::~_Locimp()
 0002:002DFDB8  __odtbl__ std::_Locinfo::_Locinfo(std::basic_string<char, std::char_traits<char>, std::allocator<char> >&)
 0002:002DFDC8  __ectbl__ std::_Locinfo::_Locinfo(std::basic_string<char, std::char_traits<char>, std::allocator<char> >&)
 0002:002DFDEC  __odtbl__ std::_Locinfo::~_Locinfo()
 0002:002DFE18  __ectbl__ std::_Locinfo::~_Locinfo()
 0002:002DFE3C  __odtbl__ std::_Fac_node::~_Fac_node()
 0002:002DFE4C  __ectbl__ std::_Fac_node::~_Fac_node()
 0002:002DFE7C  __odtbl__ std::_Fac_deletable::~_Fac_deletable()
 0002:002DFE8C  __ectbl__ std::_Fac_deletable::~_Fac_deletable()
 0002:002DFEA4  @std@_Fac_deletable@3
 0002:002DFEB4  std::_New_hand
 0002:002DFEB4  D3005_1
 0002:002DFEB8  D3007_1
 0002:002DFEDC  D3011_1
 0002:002DFFCC  D3016_1
 0002:002DFFF8  __odtbl__ std::_String_base::_Xlen() const
 0002:002E0024  __ectbl__ std::_String_base::_Xlen() const
 0002:002E0048  __odtbl__ std::_String_base::_Xran() const
 0002:002E0074  __ectbl__ std::_String_base::_Xran() const
 0002:002E0098  __thrwl__ std::length_error::~length_error()
 0002:002E009C  __odtbl__ std::length_error::~length_error()
 0002:002E00AC  __ectbl__ std::length_error::~length_error()
 0002:002E00C4  __ectbl__ std::length_error::length_error(std::length_error&)
 0002:002E00D0  __odtbl__ std::logic_error::logic_error(std::basic_string<char, std::char_traits<char>, std::allocator<char> >&)
 0002:002E00E0  __ectbl__ std::logic_error::logic_error(std::basic_string<char, std::char_traits<char>, std::allocator<char> >&)
 0002:002E0104  __thrwl__ std::out_of_range::~out_of_range()
 0002:002E0108  __odtbl__ std::out_of_range::~out_of_range()
 0002:002E0118  __ectbl__ std::out_of_range::~out_of_range()
 0002:002E0130  __ectbl__ std::out_of_range::out_of_range(std::out_of_range&)
 0002:002E013C  __thrwl__ std::logic_error::~logic_error()
 0002:002E0140  __odtbl__ std::logic_error::~logic_error()
 0002:002E0150  __ectbl__ std::logic_error::~logic_error()
 0002:002E0168  @std@logic_error@3
 0002:002E017C  @std@out_of_range@3
 0002:002E0190  @std@length_error@3
 0002:002E01A4  __thrwl__ std::logic_error::what() const
 0002:002E01A8  __ectbl__ std::logic_error::what() const
 0002:002E01B4  D3024_1
 0002:002E024C  std::_Winit::_Init_cnt
 0002:002E0250  __odtbl__ std::_Winit::_Winit()
 0002:002E0540  __ectbl__ std::_Winit::_Winit()
 0002:002E0888  __odtbl__ std::_Winit::~_Winit()
 0002:002E08A8  __ectbl__ std::_Winit::~_Winit()
 0002:002E08CC  __odtbl__ std::basic_ios<wchar_t, std::char_traits<wchar_t> >::~basic_ios<wchar_t, std::char_traits<wchar_t> >()
 0002:002E08DC  __ectbl__ std::basic_ios<wchar_t, std::char_traits<wchar_t> >::~basic_ios<wchar_t, std::char_traits<wchar_t> >()
 0002:002E08F4  __odtbl__ std::basic_filebuf<wchar_t, std::char_traits<wchar_t> >::_Endwrite()
 0002:002E0914  __ectbl__ std::basic_filebuf<wchar_t, std::char_traits<wchar_t> >::_Endwrite()
 0002:002E0938  __odtbl__ std::basic_ostream<wchar_t, std::char_traits<wchar_t> >::~basic_ostream<wchar_t, std::char_traits<wchar_t> >()
 0002:002E0948  __ectbl__ std::basic_ostream<wchar_t, std::char_traits<wchar_t> >::~basic_ostream<wchar_t, std::char_traits<wchar_t> >()
 0002:002E0960  __odtbl__ std::basic_istream<wchar_t, std::char_traits<wchar_t> >::~basic_istream<wchar_t, std::char_traits<wchar_t> >()
 0002:002E0970  __ectbl__ std::basic_istream<wchar_t, std::char_traits<wchar_t> >::~basic_istream<wchar_t, std::char_traits<wchar_t> >()
 0002:002E0988  __odtbl__ std::basic_filebuf<wchar_t, std::char_traits<wchar_t> >::~basic_filebuf<wchar_t, std::char_traits<wchar_t> >()
 0002:002E0998  __ectbl__ std::basic_filebuf<wchar_t, std::char_traits<wchar_t> >::~basic_filebuf<wchar_t, std::char_traits<wchar_t> >()
 0002:002E09B0  @std@%basic_ostream$b19std@%char_traits$b%%@3
 0002:002E09CC  @std@%basic_ios$b19std@%char_traits$b%%@3
 0002:002E09DC  @std@%basic_istream$b19std@%char_traits$b%%@3
 0002:002E09F8  @std@%basic_streambuf$b19std@%char_traits$b%%@3
 0002:002E0A40  @std@%basic_filebuf$b19std@%char_traits$b%%@3
 0002:002E0A88  __ectbl__ std::basic_streambuf<wchar_t, std::char_traits<wchar_t> >::~basic_streambuf<wchar_t, std::char_traits<wchar_t> >()
 0002:002E0A94  __odtbl__ std::basic_filebuf<wchar_t, std::char_traits<wchar_t> >::overflow(wchar_t)
 0002:002E0AB4  __ectbl__ std::basic_filebuf<wchar_t, std::char_traits<wchar_t> >::overflow(wchar_t)
 0002:002E0AD8  __odtbl__ std::basic_filebuf<wchar_t, std::char_traits<wchar_t> >::uflow()
 0002:002E0AF8  __ectbl__ std::basic_filebuf<wchar_t, std::char_traits<wchar_t> >::uflow()
 0002:002E0B1C  __odtbl__ std::basic_filebuf<wchar_t, std::char_traits<wchar_t> >::imbue(std::locale&)
 0002:002E0B94  __ectbl__ std::basic_filebuf<wchar_t, std::char_traits<wchar_t> >::imbue(std::locale&)
 0002:002E0C00  @std@%codecvt$bci%@3
 0002:002E0C2C  std::_Facetptr<std::codecvt<wchar_t, char, int> >::_Psave
 0002:002E0C30  __odtbl__ std::codecvt<wchar_t, char, int>::~codecvt<wchar_t, char, int>()
 0002:002E0C40  __ectbl__ std::codecvt<wchar_t, char, int>::~codecvt<wchar_t, char, int>()
 0002:002E0C58  __thrwl__ std::codecvt<wchar_t, char, int>::do_always_noconv() const
 0002:002E0C5C  __ectbl__ std::codecvt<wchar_t, char, int>::do_always_noconv() const
 0002:002E0C68  __thrwl__ std::codecvt<wchar_t, char, int>::do_max_length() const
 0002:002E0C6C  __ectbl__ std::codecvt<wchar_t, char, int>::do_max_length() const
 0002:002E0C78  __thrwl__ std::codecvt<wchar_t, char, int>::do_encoding() const
 0002:002E0C7C  __ectbl__ std::codecvt<wchar_t, char, int>::do_encoding() const
 0002:002E0C88  D3032_1
 0002:002E0E88  D3036_1
 0002:002E0EEC  D3178_1
 0002:002E0FFC  D3190_1
 0002:002E1000  __heap_redirector
 0002:002E1020  __stkchk
 0002:002E1020  D3204_0
 0002:002E1024  D3220_1
 0002:002E10E0  D3224_1
 0002:002E10E0  __FastMM_IsMultiThread
 0002:002E10E1  __FastMM_ReportMemoryLeaksOnShutdown
 0002:002E10E2  __FastMM_NeverSleepOnMMThreadContention
 0002:002E1114  __FastMM_MemoryManager
 0002:002E112C  __FastMM_SmallBlockTypes
 0002:002E180C  __FastMM_MediumBlocksLocked
 0002:002E1894  D3514_1
 0002:002E1894  __cfinfo_get
 0002:002E1898  D3546_1
 0002:002E1898  __notUmask
 0002:002E189C  D3566_0
 0002:002E189C  __fileinfo
 0002:002E18A0  D3624_0
 0002:002E18A0  __streams
 0002:002E1D50  D3626_0
 0002:002E1D50  __nfile
 0002:002E1D54  __openfd
 0002:002E1E1C  __fmode
 0002:002E1E1C  D3634_0
 0002:002E1E20  __fmodeptr
 0002:002E1E20  D3636_1
 0002:002E1E24  __dosErrorToSV
 0002:002E1E24  D3716_1
 0002:002E1F50  D3735_1
 0002:002E1F5C  D3741_1
 0002:002E1F5C  __sys_errlist
 0002:002E2024  __sys_nerr
 0002:002E23F0  D3870_1
 0002:002E2468  D4028_0
 0002:002E2468  __chartype
 0002:002E266C  __localeconvention
 0002:002E266C  D4030_1
 0002:002E269C  ___force
 0002:002E26AC  D4032_1
 0002:002E26FC  D4034_0
 0002:002E26FC  __lower
 0002:002E27FC  D4038_0
 0002:002E27FC  __upper
 0002:002E28FC  D4054_1
 0002:002E28FC  ___mb_cur_max
 0002:002E2900  ___localeLock
 0002:002E2A14  D4056_0
 0002:002E2A14  _CMonetary
 0002:002E2A48  _CNumeric
 0002:002E2A5E  _CTimeDate
 0002:002E2B20  _CLOCALE
 0002:002E2B4C  ___locale
 0002:002E2C70  D4058_1
 0002:002E2CFC  D4184_1
 0002:002E2D0C  _e0to7
 0002:002E2D0C  D4190_1
 0002:002E2D5C  _e8
 0002:002E2D68  _e16
 0002:002E2D72  _e32
 0002:002E2D7C  _e64
 0002:002E2D86  _e128
 0002:002E2D90  _e256
 0002:002E2D9A  _e512
 0002:002E2DA4  _e1024
 0002:002E2DAE  _e2048
 0002:002E2DB8  _e4096
 0002:002E2DC2  _eINF
 0002:002E2DCC  D4197_1
 0002:002E2DE8  D4227_1
 0002:002E2DF4  __realcvtptr
 0002:002E2DF4  D4245_1
 0002:002E2DF8  __nextrealptr
 0002:002E2DFC  __scantodptr
 0002:002E2E00  __scanrsltptr
 0002:002E2E5C  D4247_1
 0002:002E2E5C  __realcvtwptr
 0002:002E2E60  __nextrealwptr
 0002:002E2E64  __scanwtodptr
 0002:002E2E68  __scanwrsltptr
 0002:002E2EC4  D4249_0
 0002:002E2EC4  __default87
 0002:002E2EC8  D4255_1
 0002:002E2ED4  D4263_1
 0002:002E2EE8  D4265_1
 0002:002E2F00  __huge_flt
 0002:002E2F00  D4303_0
 0002:002E2F04  __huge_dble
 0002:002E2F0C  __huge_ldble
 0002:002E2F16  __max_flt
 0002:002E2F1A  __max_dble
 0002:002E2F22  __max_ldble
 0002:002E2F2C  __indefinite
 0002:002E2F30  __tiny_ldble
 0002:002E2F3C  ___ieee_64_p_inf
 0002:002E2F44  ___ieee_64_n_inf
 0002:002E2F4C  ___ieee_64_p_nanq
 0002:002E2F54  ___ieee_64_n_nanq
 0002:002E2F5C  ___ieee_64_p_nans
 0002:002E2F64  ___ieee_64_n_nans
 0002:002E2F6C  ___ieee_64_p_zero
 0002:002E2F74  ___ieee_64_n_zero
 0002:002E2F7C  D4313_0
 0002:002E2F7C  __turboFloat
 0002:002E2F80  __floatconvert
 0002:002E2F84  D4331_1
 0002:002E2F90  D4333_1
 0002:002E2FA0  __pmatherr
 0002:002E2FA0  D4355_1
 0002:002E2FA4  __pmatherrl
 0002:002E2FA8  __mathwhy
 0002:002E2FA8  D4359_0
 0002:002E2FEC  D4369_1
 0002:002E3008  D4381_1
 0002:002E3010  D4383_1
 0002:002E3024  D4385_1
 0002:002E304C  D4392_1
 0002:002E3074  D4394_1
 0002:002E309C  D4396_1
 0002:002E30A8  D4404_1
 0002:002E30B8  __kalpha
 0002:002E30B8  D4462_1
 0002:002E30BA  __kpunct
 0002:002E3100  D4602_1
 0002:002E3124  D4620_1
 0002:002E3148  D4622_1
 0002:002E3148  _errno
 0002:002E314C  __messagefunc
 0002:002E314C  D4624_1
 0002:002E3150  __messagefile
 0002:002E315C  D4634_1
 0002:002E317C  D4655_1
 0002:002E31B8  D4657_0
 0002:002E31B8  ___pCallAtExitProcs
 0002:002E31BC  __exitbuf
 0002:002E31BC  D4693_1
 0002:002E31C0  __exitfopen
 0002:002E31C4  __exitopen
 0002:002E31C8  __setargv_ptr
 0002:002E31C8  D4715_0
 0002:002E31CC  __exitargv_ptr
 0002:002E31D0  D4717_0
 0002:002E31D0  __wsetargv_ptr
 0002:002E31D4  __wexitargv_ptr
 0002:002E31D8  D4719_1
 0002:002E31D8  __setargv__
 0002:002E322C  D4721_1
 0002:002E322C  __cmdline_escapes
 0002:002E3254  D4723_1
 0002:002E3278  __argv_expand_ptr
 0002:002E3278  D4776_0
 0002:002E327C  D4778_0
 0002:002E327C  __wargv_expand_ptr
 0002:002E3280  D4780_1
 0002:002E3280  __argv0
 0002:002E32A0  D4792_1
 0002:002E32A0  __setenvp__
 0002:002E32F4  D4806_1
 0002:002E3354  __isWindows
 0002:002E3354  D4818_0
 0002:002E3358  D4819_1
 0002:002E335C  D4859_0
 0002:002E335C  __SWeekday
 0002:002E3378  __LWeekday
 0002:002E3394  __SMonth
 0002:002E33C4  __LMonth
 0002:002E33F4  __AmPm
 0002:002E33FC  __Days
 0002:002E3408  __YDays
 0002:002E3520  __PREFER_END_STANDARD_TIME
 0002:002E3520  D4863_1
 0002:002E3521  __PREFER_START_DAYLIGHT_TIME
 0002:002E3528  D4865_1
 0002:002E3528  __timezone
 0002:002E352C  __daylight
 0002:002E3530  __tzname
 0002:002E3530  D4867_1
 0002:002E3544  D4873_1
 0002:002E3548  D4900_0
 0002:002E3548  ___xxPersonality
 0002:002E354C  D4902_1
 0002:002E3888  __thrwl__ std::bad_typeid::~bad_typeid()
 0002:002E388C  __ectbl__ std::bad_typeid::~bad_typeid()
 0002:002E3898  @std@bad_typeid@3
 0002:002E38AC  ___terminatePTR
 0002:002E38AC  D4904_1
 0002:002E38B0  ___unexpectdPTR
 0002:002E38B4  ___CPPexceptionList
 0002:002E38B4  D4906_1
 0002:002E38B8  ___exceptFlags
 0002:002E38BC  ___throwFileName
 0002:002E38C0  ___throwLineNumber
 0002:002E38C4  ___throwExceptionName
 0002:002E38C8  ___exceptStaticBuffP
 0002:002E38CC  ___exceptMemAllocVars
 0002:002E38D0  ___ExceptStaticXbuff
 0002:002E3950  __ExceptVarsSize
 0002:002E3964  __chtbl__ __call_terminate()
 0002:002E3984  __ectbl__ __call_terminate()
 0002:002E399C  D4912_1
 0002:002E39AC  ___debuggerDisableTerminateCallback
 0002:002E39AC  D4946_1
 0002:002E42E0  __odtbl__ ___ExceptionHandler(_EXCEPTION_RECORD *, ERRbc *, _CONTEXT *, void *, unsigned long, unsigned long, unsigned long, unsigned long, unsigned long, unsigned long)
 0002:002E42F0  __ectbl__ ___ExceptionHandler(_EXCEPTION_RECORD *, ERRbc *, _CONTEXT *, void *, unsigned long, unsigned long, unsigned long, unsigned long, unsigned long, unsigned long)
 0002:002E4314  __thrwl__ std::bad_exception::bad_exception()
 0002:002E4318  __odtbl__ std::bad_exception::bad_exception()
 0002:002E4328  __ectbl__ std::bad_exception::bad_exception()
 0002:002E4340  __thrwl__ std::bad_exception::~bad_exception()
 0002:002E4344  __odtbl__ std::bad_exception::~bad_exception()
 0002:002E4354  __ectbl__ std::bad_exception::~bad_exception()
 0002:002E436C  __ectbl__ std::bad_exception::bad_exception(std::bad_exception&)
 0002:002E4378  @std@bad_exception@3
 0002:002E438C  _GUID_NULL
 0002:002E438C  D4947_0
 0002:002E439C  _IID_IUnknown
 0002:002E43AC  _IID_IRichEditOleCallback
 0002:002E43BC  _IID_IEnumVARIANT
 0002:002E43CC  _IID_IDispatch
 0002:002E43DC  _IID_IDataObject
 0002:002E43EC  _IID_IPersistStreamInit
 0002:002E43FC  _IID_IOleControlSite
 0002:002E440C  _IID_IProvideClassInfo2
 0002:002E441C  _IID_IProvideClassInfo
 0002:002E442C  _IID_IConnectionPointContainer
 0002:002E443C  _IID_IOleInPlaceSite
 0002:002E444C  _IID_IOleInPlaceObject
 0002:002E445C  _IID_IOleInPlaceFrame
 0002:002E446C  _IID_IOleInPlaceUIWindow
 0002:002E447C  _IID_IOleWindow
 0002:002E448C  _IID_IOleObject
 0002:002E449C  _IID_IOleClientSite
 0003:00000000  B248_2
 0003:00000000  _pHTMLHELP
 0003:00000004  _fp
 0003:00000004  B348_2
 0003:00000008  _nDocLen
 0003:0000000C  B678_2
 0003:0000177C  B682_2
 0003:0000190C  B684_2
 0003:00001A30  _gdiplusStartupInput
 0003:00001A30  B694_2
 0003:00001A40  _gdiplusToken
 0003:00001A44  B728_2
 0003:00001B48  B732_2
 0003:00001BA0  B836_2
 0003:00001C48  B858_2
 0003:00001C4C  B874_2
 0003:00001CEC  B910_1
 0003:00001D64  B914_2
 0003:00001DE0  B934_2
 0003:00001F20  B960_2
 0003:00001F28  B970_2
 0003:00001F6C  B992_2
 0003:00001F84  B994_2
 0003:00001F9C  _item
 0003:00001F9C  B1018_2
 0003:00001FB8  _itemw
 0003:00001FB8  B1020_2
 0003:00001FD4  B1068_2
 0003:00001FD4  _fnIsWow64Process
 0003:00001FD8  B1096_2
 0003:000020E8  B1110_2
 0003:000023E8  B1166_2
 0003:000025E8  B1198_2
 0003:000025F0  B1246_2
 0003:0000267C  B1276_1
 0003:00002680  B1637_2
 0003:00002C2C  B1647_2
 0003:00002C2C  _hb_stack
 0003:00002F18  B1649_2
 0003:00002F30  B1651_2
 0003:00003120  B1719_2
 0003:00003318  B1793_2
 0003:00003328  B1813_2
 0003:000034B8  B1865_2
 0003:0000364C  B1867_2
 0003:000037DC  B1871_2
 0003:0000396C  B2316_2
 0003:00003978  B2388_2
 0003:00003988  B2997_2
 0003:00003988  std::_Ios_init
 0003:00003990  std::_Wios_init
 0003:00003A48  std::cin
 0003:00003A98  std::cout
 0003:00003B38  std::cerr
 0003:00003B80  std::clog
 0003:00003BCC  B3001_2
 0003:00003BD4  B3003_2
 0003:00003BE4  B3011_2
 0003:00003BE8  B3024_2
 0003:00003CF0  std::wcin
 0003:00003D40  std::wcout
 0003:00003D88  std::wcerr
 0003:00003DD0  std::wclog
 0003:00003E1C  B3036_2
 0003:00003E24  B3178_2
 0003:00003E24  __bormm_pfn_FreeMem
 0003:00003E28  __bormm_pfn_GetMem
 0003:00003E2C  __bormm_pfn_AllocMem
 0003:00003E30  __bormm_pfn_ReallocMem
 0003:00003E34  __bormm_pfn_HeapAddRef
 0003:00003E38  __bormm_pfn_HeapRelease
 0003:00003E40  __borlndmm_GetMem
 0003:00003E44  B3224_2
 0003:00003E55  __FastMM_AllocSize2SmallBlockTypeIndX4
 0003:00003F9C  __FastMM_LastSequentiallyFedMediumBlock
 0003:00003FA0  __FastMM_MediumSequentialFeedBytesLeft
 0003:00003FA4  __FastMM_MediumBlockBinGroupBitmap
 0003:00003FA8  __FastMM_MediumBlockBinBitmaps
 0003:00004028  __FastMM_MediumBlockBins
 0003:00006040  B3626_1
 0003:00006040  __pidtab
 0003:00006108  __handles
 0003:000061D0  B3716_2
 0003:000061D0  __doserrno
 0003:000061D4  B3720_1
 0003:000061D8  B3722_1
 0003:000061DC  __tmpnum
 0003:000061DC  B3735_2
 0003:000061EC  B4462_2
 0003:000061EC  __mbctype
 0003:000062F0  __mbcsCodePage
 0003:000062F4  B4602_2
 0003:000063F4  B4620_2
 0003:00006410  B4636_1
 0003:00006418  B4719_2
 0003:00006418  __argv
 0003:00006424  B4721_2
 0003:00006428  B4723_2
 0003:0000642C  __environ
 0003:0000642C  B4792_2
 0003:00006434  __envsize
 0003:00006438  __env_lock
 0003:0000643C  B4818_1
 0003:0000643C  __C0argc
 0003:00006440  __C0argv
 0003:00006444  __C0environ
 0003:00006448  __oscmd
 0003:0000644C  __osenv
 0003:00006450  __argc
 0003:00006454  __dll_table
 0003:0000645C  __ExcRegPtr
 0003:00006460  __wosenv
 0003:00006464  __woscmd
 0003:00006468  __wC0argv
 0003:0000646C  __wC0environ
 0003:00006470  __exe_table
 0003:00006478  __stkbase
 0003:0000647C  B4867_2
 0003:00006484  B4902_2
 0003:0000688C  __DestructorCountPtr
 0003:0000688C  B4906_2
 0003:00006894  __HandlerPtr
 0003:00006894  B4912_2
 0003:00006898  __UserHandlerPtr
 0003:0000689C  B4946_2
 0003:000068A0  ___pCPPdebugHook
 0003:000068A4  _pVCL_add_EH
 0003:000068A8  _pVCL_clear_EH
 0003:000068AC  _getExceptionObject
 0003:000068B0  _raiseExceptObject
 0004:00000000  T4906_3
 0004:00000000  ___xxInfo
